Component: ARM Compiler 5.06 update 5 (build 528) Tool: armlink [4d35e2]

==============================================================================

Section Cross References

    main.o(i.main) refers to rt_memclr_w.o(.text) for __aeabi_memclr4
    main.o(i.main) refers to misc.o(i.NVIC_SetVectorTable) for NVIC_SetVectorTable
    main.o(i.main) refers to sysrun.o(i.SystemUserInit) for SystemUserInit
    main.o(i.main) refers to stmflash.o(i.Flash_Read) for Flash_Read
    main.o(i.main) refers to strcmpv7m.o(.text) for strcmp
    main.o(i.main) refers to rt_memcpy_w.o(.text) for __aeabi_memcpy4
    main.o(i.main) refers to main.o(i.Tohex) for Tohex
    main.o(i.main) refers to user.o(i.MQTT_Init) for MQTT_Init
    main.o(i.main) refers to sysrun.o(i.SystemAction) for SystemAction
    main.o(i.main) refers to user.o(i.User) for User
    main.o(i.main) refers to stmflash.o(i.Flash_Write) for Flash_Write
    main.o(i.main) refers to modbus.o(.bss) for MqttParameter
    main.o(i.main) refers to rc522.o(.data) for HotelTag_Buf
    main.o(i.main) refers to user.o(.data) for GPRS
    main.o(i.main) refers to sysrun.o(.data) for Systick_1ms
    stm32f10x_it.o(i.SysTick_Handler) refers to sysrun.o(.data) for Systick_1ms
    stm32f10x_it.o(i.USART1_IRQHandler) refers to modbus.o(.data) for ucUart1ReceTimeOut
    stm32f10x_it.o(i.USART1_IRQHandler) refers to modbus.o(.bss) for ucUart1Buff
    stm32f10x_it.o(i.USART2_IRQHandler) refers to modbus.o(.data) for ucUart2ReceTimeOut
    stm32f10x_it.o(i.USART2_IRQHandler) refers to modbus.o(.bss) for ucUart2Buff
    stm32f10x_it.o(i.USART2_IRQHandler) refers to user.o(.data) for ReadFlag
    stm32f10x_it.o(i.USART3_IRQHandler) refers to modbus.o(.data) for ucUart3ReceTimeOut
    stm32f10x_it.o(i.USART3_IRQHandler) refers to modbus.o(.bss) for ucUart3Buff
    user.o(i.Char_Hex) refers to rt_memcpy_v6.o(.text) for __aeabi_memcpy
    user.o(i.Char_Hex) refers to rt_memclr_w.o(.text) for __aeabi_memclr4
    user.o(i.Char_Hex) refers to modbus.o(.bss) for MqttParameter
    user.o(i.Char_Hex) refers to user.o(.data) for Char_Hex_flag
    user.o(i.Even_Processing) refers to _printf_percent.o(.ARM.Collect$$_printf_percent$$00000000) for _printf_percent
    user.o(i.Even_Processing) refers to _printf_s.o(.ARM.Collect$$_printf_percent$$00000014) for _printf_s
    user.o(i.Even_Processing) refers to _printf_str.o(.text) for _printf_str
    user.o(i.Even_Processing) refers to rt_memclr_w.o(.text) for __aeabi_memclr4
    user.o(i.Even_Processing) refers to user.o(i.Second_AT_Command) for Second_AT_Command
    user.o(i.Even_Processing) refers to modbus.o(i.Uart3SendData) for Uart3SendData
    user.o(i.Even_Processing) refers to modbus.o(i.Uart2SendString) for Uart2SendString
    user.o(i.Even_Processing) refers to user.o(i.__NVIC_SystemReset) for __NVIC_SystemReset
    user.o(i.Even_Processing) refers to noretval__2snprintf.o(.text) for __2snprintf
    user.o(i.Even_Processing) refers to strlen.o(.text) for strlen
    user.o(i.Even_Processing) refers to user.o(.data) for reflag
    user.o(i.Even_Processing) refers to modbus.o(.bss) for MqttParameter
    user.o(i.Find) refers to strstr.o(.text) for strstr
    user.o(i.Find) refers to modbus.o(.bss) for ucUart2Buff
    user.o(i.GPRS_Config) refers to _printf_percent.o(.ARM.Collect$$_printf_percent$$00000000) for _printf_percent
    user.o(i.GPRS_Config) refers to _printf_x.o(.ARM.Collect$$_printf_percent$$0000000C) for _printf_x
    user.o(i.GPRS_Config) refers to _printf_hex_int.o(.text) for _printf_longlong_hex
    user.o(i.GPRS_Config) refers to _printf_s.o(.ARM.Collect$$_printf_percent$$00000014) for _printf_s
    user.o(i.GPRS_Config) refers to _printf_str.o(.text) for _printf_str
    user.o(i.GPRS_Config) refers to rt_memclr_w.o(.text) for __aeabi_memclr4
    user.o(i.GPRS_Config) refers to rt_memcpy_w.o(.text) for __aeabi_memcpy4
    user.o(i.GPRS_Config) refers to user.o(i.Second_AT_Command) for Second_AT_Command
    user.o(i.GPRS_Config) refers to user.o(i.Find) for Find
    user.o(i.GPRS_Config) refers to noretval__2sprintf.o(.text) for __2sprintf
    user.o(i.GPRS_Config) refers to strstr.o(.text) for strstr
    user.o(i.GPRS_Config) refers to stmflash.o(i.Flash_Write) for Flash_Write
    user.o(i.GPRS_Config) refers to user.o(i.__NVIC_SystemReset) for __NVIC_SystemReset
    user.o(i.GPRS_Config) refers to user.o(.constdata) for .constdata
    user.o(i.GPRS_Config) refers to user.o(.data) for step
    user.o(i.GPRS_Config) refers to sysrun.o(.data) for uc1s
    user.o(i.GPRS_Config) refers to modbus.o(.bss) for MqttParameter
    user.o(i.GPRS_Config) refers to user.o(.bss) for NumCount
    user.o(i.GPRS_Config) refers to user.o(.conststring) for .conststring
    user.o(i.Hex_char) refers to _printf_percent.o(.ARM.Collect$$_printf_percent$$00000000) for _printf_percent
    user.o(i.Hex_char) refers to _printf_s.o(.ARM.Collect$$_printf_percent$$00000014) for _printf_s
[...]
    STM32F10x_FWLib\\src\\stm32f10x_fsmc.c   0x00000000   Number         0  stm32f10x_fsmc.o ABSOLUTE
    STM32F10x_FWLib\\src\\stm32f10x_gpio.c   0x00000000   Number         0  stm32f10x_gpio.o ABSOLUTE
    STM32F10x_FWLib\\src\\stm32f10x_i2c.c    0x00000000   Number         0  stm32f10x_i2c.o ABSOLUTE
    STM32F10x_FWLib\\src\\stm32f10x_iwdg.c   0x00000000   Number         0  stm32f10x_iwdg.o ABSOLUTE
    STM32F10x_FWLib\\src\\stm32f10x_pwr.c    0x00000000   Number         0  stm32f10x_pwr.o ABSOLUTE
    STM32F10x_FWLib\\src\\stm32f10x_rcc.c    0x00000000   Number         0  stm32f10x_rcc.o ABSOLUTE
    STM32F10x_FWLib\\src\\stm32f10x_rtc.c    0x00000000   Number         0  stm32f10x_rtc.o ABSOLUTE
    STM32F10x_FWLib\\src\\stm32f10x_sdio.c   0x00000000   Number         0  stm32f10x_sdio.o ABSOLUTE
    STM32F10x_FWLib\\src\\stm32f10x_spi.c    0x00000000   Number         0  stm32f10x_spi.o ABSOLUTE
    STM32F10x_FWLib\\src\\stm32f10x_tim.c    0x00000000   Number         0  stm32f10x_tim.o ABSOLUTE
    STM32F10x_FWLib\\src\\stm32f10x_usart.c  0x00000000   Number         0  stm32f10x_usart.o ABSOLUTE
    STM32F10x_FWLib\\src\\stm32f10x_wwdg.c   0x00000000   Number         0  stm32f10x_wwdg.o ABSOLUTE
    STM32F10x_FWLib\\src\\sysrun.c           0x00000000   Number         0  sysrun.o ABSOLUTE
    STM32F10x_FWLib\src\misc.c               0x00000000   Number         0  misc.o ABSOLUTE
    STM32F10x_FWLib\src\stm32f10x_adc.c      0x00000000   Number         0  stm32f10x_adc.o ABSOLUTE
    STM32F10x_FWLib\src\stm32f10x_bkp.c      0x00000000   Number         0  stm32f10x_bkp.o ABSOLUTE
    STM32F10x_FWLib\src\stm32f10x_can.c      0x00000000   Number         0  stm32f10x_can.o ABSOLUTE
    STM32F10x_FWLib\src\stm32f10x_cec.c      0x00000000   Number         0  stm32f10x_cec.o ABSOLUTE
    STM32F10x_FWLib\src\stm32f10x_crc.c      0x00000000   Number         0  stm32f10x_crc.o ABSOLUTE
    STM32F10x_FWLib\src\stm32f10x_dac.c      0x00000000   Number         0  stm32f10x_dac.o ABSOLUTE
    STM32F10x_FWLib\src\stm32f10x_dbgmcu.c   0x00000000   Number         0  stm32f10x_dbgmcu.o ABSOLUTE
    STM32F10x_FWLib\src\stm32f10x_dma.c      0x00000000   Number         0  stm32f10x_dma.o ABSOLUTE
    STM32F10x_FWLib\src\stm32f10x_exti.c     0x00000000   Number         0  stm32f10x_exti.o ABSOLUTE
    STM32F10x_FWLib\src\stm32f10x_flash.c    0x00000000   Number         0  stm32f10x_flash.o ABSOLUTE
    STM32F10x_FWLib\src\stm32f10x_fsmc.c     0x00000000   Number         0  stm32f10x_fsmc.o ABSOLUTE
    STM32F10x_FWLib\src\stm32f10x_gpio.c     0x00000000   Number         0  stm32f10x_gpio.o ABSOLUTE
    STM32F10x_FWLib\src\stm32f10x_i2c.c      0x00000000   Number         0  stm32f10x_i2c.o ABSOLUTE
    STM32F10x_FWLib\src\stm32f10x_iwdg.c     0x00000000   Number         0  stm32f10x_iwdg.o ABSOLUTE
    STM32F10x_FWLib\src\stm32f10x_pwr.c      0x00000000   Number         0  stm32f10x_pwr.o ABSOLUTE
    STM32F10x_FWLib\src\stm32f10x_rcc.c      0x00000000   Number         0  stm32f10x_rcc.o ABSOLUTE
    STM32F10x_FWLib\src\stm32f10x_rtc.c      0x00000000   Number         0  stm32f10x_rtc.o ABSOLUTE
    STM32F10x_FWLib\src\stm32f10x_sdio.c     0x00000000   Number         0  stm32f10x_sdio.o ABSOLUTE
    STM32F10x_FWLib\src\stm32f10x_spi.c      0x00000000   Number         0  stm32f10x_spi.o ABSOLUTE
    STM32F10x_FWLib\src\stm32f10x_tim.c      0x00000000   Number         0  stm32f10x_tim.o ABSOLUTE
    STM32F10x_FWLib\src\stm32f10x_usart.c    0x00000000   Number         0  stm32f10x_usart.o ABSOLUTE
    STM32F10x_FWLib\src\stm32f10x_wwdg.c     0x00000000   Number         0  stm32f10x_wwdg.o ABSOLUTE
    STM32F10x_FWLib\src\sysrun.c             0x00000000   Number         0  sysrun.o ABSOLUTE
    USER\\main.c                             0x00000000   Number         0  main.o ABSOLUTE
    USER\\src\\io.c                          0x00000000   Number         0  io.o ABSOLUTE
    USER\\src\\modbus.c                      0x00000000   Number         0  modbus.o ABSOLUTE
    USER\\src\\stmflash.c                    0x00000000   Number         0  stmflash.o ABSOLUTE
    USER\\src\\uart.c                        0x00000000   Number         0  uart.o ABSOLUTE
    USER\\src\\user.c                        0x00000000   Number         0  user.o ABSOLUTE
    USER\\stm32f10x_it.c                     0x00000000   Number         0  stm32f10x_it.o ABSOLUTE
    USER\main.c                              0x00000000   Number         0  main.o ABSOLUTE
    USER\src\io.c                            0x00000000   Number         0  io.o ABSOLUTE
    USER\src\json.c                          0x00000000   Number         0  json.o ABSOLUTE
    USER\src\modbus.c                        0x00000000   Number         0  modbus.o ABSOLUTE
    USER\src\stmflash.c                      0x00000000   Number         0  stmflash.o ABSOLUTE
    USER\src\uart.c                          0x00000000   Number         0  uart.o ABSOLUTE
    USER\src\user.c                          0x00000000   Number         0  user.o ABSOLUTE
    USER\stm32f10x_it.c                      0x00000000   Number         0  stm32f10x_it.o ABSOLUTE
    dc.s                                     0x00000000   Number         0  dc.o ABSOLUTE
    RESET                                    0x08000000   Section      236  startup_stm32f10x_md.o(RESET)
    !!!main                                  0x080000ec   Section        8  __main.o(!!!main)
    !!!scatter                               0x080000f4   Section       52  __scatter.o(!!!scatter)
    !!handler_copy                           0x08000128   Section       26  __scatter_copy.o(!!handler_copy)
    !!handler_zi                             0x08000144   Section       28  __scatter_zi.o(!!handler_zi)
    .ARM.Collect$$_printf_percent$$00000000  0x08000160   Section        0  _printf_percent.o(.ARM.Collect$$_printf_percent$$00000000)
    .ARM.Collect$$_printf_percent$$0000000C  0x08000160   Section        6  _printf_x.o(.ARM.Collect$$_printf_percent$$0000000C)
    .ARM.Collect$$_printf_percent$$00000014  0x08000166   Section        6  _printf_s.o(.ARM.Collect$$_printf_percent$$00000014)
    .ARM.Collect$$_printf_percent$$00000017  0x0800016c   Section        4  _printf_percent_end.o(.ARM.Collect$$_printf_percent$$00000017)
    .ARM.Collect$$libinit$$00000000          0x08000170   Section        2  libinit.o(.ARM.Collect$$libinit$$00000000)
    .ARM.Collect$$libinit$$00000002          0x08000172   Section        0  libinit2.o(.ARM.Collect$$libinit$$00000002)
    .ARM.Collect$$libinit$$00000004          0x08000172   Section        0  libinit2.o(.ARM.Collect$$libinit$$00000004)
    .ARM.Collect$$libinit$$0000000A          0x08000172   Section        0  libinit2.o(.ARM.Collect$$libinit$$0000000A)
    .ARM.Collect$$libinit$$0000000C          0x08000172   Section        0  libinit2.o(.ARM.Collect$$libinit$$0000000C)
    .ARM.Collect$$libinit$$0000000E          0x08000172   Section        0  libinit2.o(.ARM.Collect$$libinit$$0000000E)
    .ARM.Collect$$libinit$$00000011          0x08000172   Section        0  libinit2.o(.ARM.Collect$$libinit$$00000011)
    .ARM.Collect$$libinit$$00000013          0x08000172   Section        0  libinit2.o(.ARM.Collect$$libinit$$00000013)
    .ARM.Collect$$libinit$$00000015          0x08000172   Section        0  libinit2.o(.ARM.Collect$$libinit$$00000015)
    .ARM.Collect$$libinit$$00000017          0x08000172   Section        0  libinit2.o(.ARM.Collect$$libinit$$00000017)
    .ARM.Collect$$libinit$$00000019          0x08000172   Section        0  libinit2.o(.ARM.Collect$$libinit$$00000019)
    .ARM.Collect$$libinit$$0000001B          0x08000172   Section        0  libinit2.o(.ARM.Collect$$libinit$$0000001B)
    .ARM.Collect$$libinit$$0000001D          0x08000172   Section        0  libinit2.o(.ARM.Collect$$libinit$$0000001D)
    .ARM.Collect$$libinit$$0000001F          0x08000172   Section        0  libinit2.o(.ARM.Collect$$libinit$$0000001F)
    .ARM.Collect$$libinit$$00000021          0x08000172   Section        0  libinit2.o(.ARM.Collect$$libinit$$00000021)
    .ARM.Collect$$libinit$$00000023          0x08000172   Section        0  libinit2.o(.ARM.Collect$$libinit$$00000023)
    .ARM.Collect$$libinit$$00000025          0x08000172   Section        0  libinit2.o(.ARM.Collect$$libinit$$00000025)
    .ARM.Collect$$libinit$$0000002C          0x08000172   Section        0  libinit2.o(.ARM.Collect$$libinit$$0000002C)
    .ARM.Collect$$libinit$$0000002E          0x08000172   Section        0  libinit2.o(.ARM.Collect$$libinit$$0000002E)
    .ARM.Collect$$libinit$$00000030          0x08000172   Section        0  libinit2.o(.ARM.Collect$$libinit$$00000030)
    .ARM.Collect$$libinit$$00000032          0x08000172   Section        0  libinit2.o(.ARM.Collect$$libinit$$00000032)
    .ARM.Collect$$libinit$$00000033          0x08000172   Section        2  libinit2.o(.ARM.Collect$$libinit$$00000033)
    .ARM.Collect$$libshutdown$$00000000      0x08000174   Section        2  libshutdown.o(.ARM.Collect$$libshutdown$$00000000)
    .ARM.Collect$$libshutdown$$00000002      0x08000176   Section        0  libshutdown2.o(.ARM.Collect$$libshutdown$$00000002)
    .ARM.Collect$$libshutdown$$00000004      0x08000176   Section        0  libshutdown2.o(.ARM.Collect$$libshutdown$$00000004)
    .ARM.Collect$$libshutdown$$00000007      0x08000176   Section        0  libshutdown2.o(.ARM.Collect$$libshutdown$$00000007)
    .ARM.Collect$$libshutdown$$0000000A      0x08000176   Section        0  libshutdown2.o(.ARM.Collect$$libshutdown$$0000000A)
    .ARM.Collect$$libshutdown$$0000000C      0x08000176   Section        0  libshutdown2.o(.ARM.Collect$$libshutdown$$0000000C)
    .ARM.Collect$$libshutdown$$0000000F      0x08000176   Section        0  libshutdown2.o(.ARM.Collect$$libshutdown$$0000000F)
    .ARM.Collect$$libshutdown$$00000010      0x08000176   Section        2  libshutdown2.o(.ARM.Collect$$libshutdown$$00000010)
    .ARM.Collect$$rtentry$$00000000          0x08000178   Section        0  __rtentry.o(.ARM.Collect$$rtentry$$00000000)
    .ARM.Collect$$rtentry$$00000002          0x08000178   Section        0  __rtentry2.o(.ARM.Collect$$rtentry$$00000002)
    .ARM.Collect$$rtentry$$00000004          0x08000178   Section        6  __rtentry4.o(.ARM.Collect$$rtentry$$00000004)
    .ARM.Collect$$rtentry$$00000009          0x0800017e   Section        0  __rtentry2.o(.ARM.Collect$$rtentry$$00000009)
    .ARM.Collect$$rtentry$$0000000A          0x0800017e   Section        4  __rtentry2.o(.ARM.Collect$$rtentry$$0000000A)
    .ARM.Collect$$rtentry$$0000000C          0x08000182   Section        0  __rtentry2.o(.ARM.Collect$$rtentry$$0000000C)
    .ARM.Collect$$rtentry$$0000000D          0x08000182   Section        8  __rtentry2.o(.ARM.Collect$$rtentry$$0000000D)
    .ARM.Collect$$rtexit$$00000000           0x0800018a   Section        2  rtexit.o(.ARM.Collect$$rtexit$$00000000)
    .ARM.Collect$$rtexit$$00000002           0x0800018c   Section        0  rtexit2.o(.ARM.Collect$$rtexit$$00000002)
    .ARM.Collect$$rtexit$$00000003           0x0800018c   Section        4  rtexit2.o(.ARM.Collect$$rtexit$$00000003)
    .ARM.Collect$$rtexit$$00000004           0x08000190   Section        6  rtexit2.o(.ARM.Collect$$rtexit$$00000004)
    .text                                    0x08000198   Section       64  startup_stm32f10x_md.o(.text)
    .text                                    0x080001d8   Section        0  noretval__2sprintf.o(.text)
    .text                                    0x08000200   Section        0  noretval__2snprintf.o(.text)
    .text                                    0x08000234   Section        0  __printf.o(.text)
    .text                                    0x0800029c   Section        0  _printf_str.o(.text)
    .text                                    0x080002f0   Section        0  _printf_hex_int.o(.text)
    .text                                    0x08000348   Section        0  strstr.o(.text)
    .text                                    0x0800036c   Section        0  strlen.o(.text)
    .text                                    0x080003aa   Section      138  rt_memcpy_v6.o(.text)
    .text                                    0x08000434   Section      100  rt_memcpy_w.o(.text)
    .text                                    0x08000498   Section       68  rt_memclr.o(.text)
    .text                                    0x080004dc   Section       78  rt_memclr_w.o(.text)
    .text                                    0x0800052a   Section       86  strncpy.o(.text)
    .text                                    0x08000580   Section      128  strcmpv7m.o(.text)
    .text                                    0x08000600   Section        0  heapauxi.o(.text)
    .text                                    0x08000606   Section        0  _printf_intcommon.o(.text)
    .text                                    0x080006b8   Section        0  _printf_char_common.o(.text)
    _printf_input_char                       0x080006b9   Thumb Code    10  _printf_char_common.o(.text)
    .text                                    0x080006e8   Section        0  _sputc.o(.text)
    .text                                    0x080006f2   Section        0  _snputc.o(.text)
    .text                                    0x08000702   Section        0  _printf_char.o(.text)
    .text                                    0x0800072e   Section       74  sys_stackheap_outer.o(.text)
    .text                                    0x08000778   Section        0  exit.o(.text)
    .text                                    0x0800078c   Section        8  libspace.o(.text)
    .text                                    0x08000794   Section        0  sys_exit.o(.text)
    .text                                    0x080007a0   Section        2  use_no_semi.o(.text)
    .text                                    0x080007a2   Section        0  indicate_semi.o(.text)
    i.BusFault_Handler                       0x080007a2   Section        0  stm32f10x_it.o(i.BusFault_Handler)
    i.CalulateCRC                            0x080007a6   Section        0  rc522.o(i.CalulateCRC)
    i.Char_Hex                               0x08000814   Section        0  user.o(i.Char_Hex)
    i.ClearBitMask                           0x08000938   Section        0  rc522.o(i.ClearBitMask)
    i.DebugMon_Handler                       0x08000954   Section        0  stm32f10x_it.o(i.DebugMon_Handler)
    i.Even_Processing                        0x08000958   Section        0  user.o(i.Even_Processing)
    i.FLASH_ErasePage                        0x08000b1c   Section        0  stm32f10x_flash.o(i.FLASH_ErasePage)
    i.FLASH_GetBank1Status                   0x08000b68   Section        0  stm32f10x_flash.o(i.FLASH_GetBank1Status)
    i.FLASH_Lock                             0x08000b9c   Section        0  stm32f10x_flash.o(i.FLASH_Lock)
    i.FLASH_ProgramHalfWord                  0x08000bb0   Section        0  stm32f10x_flash.o(i.FLASH_ProgramHalfWord)
    i.FLASH_SetLatency                       0x08000bf0   Section        0  stm32f10x_flash.o(i.FLASH_SetLatency)
    i.FLASH_Unlock                           0x08000c08   Section        0  stm32f10x_flash.o(i.FLASH_Unlock)
    i.FLASH_WaitForLastOperation             0x08000c20   Section        0  stm32f10x_flash.o(i.FLASH_WaitForLastOperation)
    i.Find                                   0x08000c48   Section        0  user.o(i.Find)
    i.Flash_Read                             0x08000c64   Section        0  stmflash.o(i.Flash_Read)
    i.Flash_Write                            0x08000c7a   Section        0  stmflash.o(i.Flash_Write)
    i.Flash_Write_Without_check              0x08000d56   Section        0  stmflash.o(i.Flash_Write_Without_check)
    i.GPIO_Init                              0x08000d88   Section        0  stm32f10x_gpio.o(i.GPIO_Init)
    i.GPIO_PinRemapConfig                    0x08000ea0   Section        0  stm32f10x_gpio.o(i.GPIO_PinRemapConfig)
    i.GPIO_ReadInputDataBit                  0x08000f30   Section        0  stm32f10x_gpio.o(i.GPIO_ReadInputDataBit)
    i.GPIO_ResetBits                         0x08000f42   Section        0  stm32f10x_gpio.o(i.GPIO_ResetBits)
    i.GPIO_SetBits                           0x08000f46   Section        0  stm32f10x_gpio.o(i.GPIO_SetBits)
    i.GPRS_Config                            0x08000f4c   Section        0  user.o(i.GPRS_Config)
    i.HardFault_Handler                      0x080013a4   Section        0  stm32f10x_it.o(i.HardFault_Handler)
    i.Hex_char                               0x080013a8   Section        0  user.o(i.Hex_char)
    i.I0Init                                 0x08001500   Section        0  io.o(i.I0Init)
    i.IWDG_Configuration                     0x0800159c   Section        0  sysrun.o(i.IWDG_Configuration)
    i.IWDG_Enable                            0x080015c0   Section        0  stm32f10x_iwdg.o(i.IWDG_Enable)
    i.IWDG_ReloadCounter                     0x080015d0   Section        0  stm32f10x_iwdg.o(i.IWDG_ReloadCounter)
    i.IWDG_SetPrescaler                      0x080015e0   Section        0  stm32f10x_iwdg.o(i.IWDG_SetPrescaler)
    i.IWDG_SetReload                         0x080015ec   Section        0  stm32f10x_iwdg.o(i.IWDG_SetReload)
    i.IWDG_WriteAccessCmd                    0x080015f8   Section        0  stm32f10x_iwdg.o(i.IWDG_WriteAccessCmd)
    i.InitRc522                              0x08001604   Section        0  rc522.o(i.InitRc522)
    i.Key                                    0x080016bc   Section        0  user.o(i.Key)
    i.LedFlash                               0x08001738   Section        0  sysrun.o(i.LedFlash)
    i.M500PcdConfigISOType                   0x08001780   Section        0  rc522.o(i.M500PcdConfigISOType)
    i.MQTT_Init                              0x080017dc   Section        0  user.o(i.MQTT_Init)
    i.MemManage_Handler                      0x08001954   Section        0  stm32f10x_it.o(i.MemManage_Handler)
    i.NMI_Handler                            0x08001958   Section        0  stm32f10x_it.o(i.NMI_Handler)
    i.NVIC_Init                              0x0800195c   Section        0  misc.o(i.NVIC_Init)
    i.NVIC_PriorityGroupConfig               0x080019cc   Section        0  misc.o(i.NVIC_PriorityGroupConfig)
    i.NVIC_SetVectorTable                    0x080019e0   Section        0  misc.o(i.NVIC_SetVectorTable)
    i.PcdAntennaOff                          0x080019f4   Section        0  rc522.o(i.PcdAntennaOff)
    i.PcdAntennaOn                           0x08001a00   Section        0  rc522.o(i.PcdAntennaOn)
    i.PcdAnticoll                            0x08001a1a   Section        0  rc522.o(i.PcdAnticoll)
    i.PcdAuthState                           0x08001a8a   Section        0  rc522.o(i.PcdAuthState)
    i.PcdComMF522                            0x08001af8   Section        0  rc522.o(i.PcdComMF522)
    i.PcdRead                                0x08001c2a   Section        0  rc522.o(i.PcdRead)
    i.PcdRequest                             0x08001c7e   Section        0  rc522.o(i.PcdRequest)
    i.PcdReset                               0x08001cd4   Section        0  rc522.o(i.PcdReset)
    i.PcdSelect                              0x08001d4c   Section        0  rc522.o(i.PcdSelect)
    i.PendSV_Handler                         0x08001dbe   Section        0  stm32f10x_it.o(i.PendSV_Handler)
    i.Power_RF_ON                            0x08001dc0   Section        0  rc522.o(i.Power_RF_ON)
    i.PrvSetupHardware                       0x08001e08   Section        0  sysrun.o(i.PrvSetupHardware)
    i.RCC_AHBPeriphClockCmd                  0x08001e9c   Section        0  stm32f10x_rcc.o(i.RCC_AHBPeriphClockCmd)
    i.RCC_APB1PeriphClockCmd                 0x08001ebc   Section        0  stm32f10x_rcc.o(i.RCC_APB1PeriphClockCmd)
    i.RCC_APB2PeriphClockCmd                 0x08001edc   Section        0  stm32f10x_rcc.o(i.RCC_APB2PeriphClockCmd)
    i.RCC_DeInit                             0x08001efc   Section        0  stm32f10x_rcc.o(i.RCC_DeInit)
    i.RCC_GetClocksFreq                      0x08001f48   Section        0  stm32f10x_rcc.o(i.RCC_GetClocksFreq)
    i.RCC_GetFlagStatus                      0x08002020   Section        0  stm32f10x_rcc.o(i.RCC_GetFlagStatus)
    i.RCC_GetSYSCLKSource                    0x0800205c   Section        0  stm32f10x_rcc.o(i.RCC_GetSYSCLKSource)
    i.RCC_HCLKConfig                         0x0800206c   Section        0  stm32f10x_rcc.o(i.RCC_HCLKConfig)
    i.RCC_HSEConfig                          0x08002084   Section        0  stm32f10x_rcc.o(i.RCC_HSEConfig)
    i.RCC_PCLK1Config                        0x080020d0   Section        0  stm32f10x_rcc.o(i.RCC_PCLK1Config)
    i.RCC_PCLK2Config                        0x080020e8   Section        0  stm32f10x_rcc.o(i.RCC_PCLK2Config)
    i.RCC_PLLCmd                             0x08002100   Section        0  stm32f10x_rcc.o(i.RCC_PLLCmd)
    i.RCC_PLLConfig                          0x0800210c   Section        0  stm32f10x_rcc.o(i.RCC_PLLConfig)
    i.RCC_SYSCLKConfig                       0x08002128   Section        0  stm32f10x_rcc.o(i.RCC_SYSCLKConfig)
    i.ReadRawRC                              0x08002140   Section        0  rc522.o(i.ReadRawRC)
    i.SVC_Handler                            0x08002244   Section        0  stm32f10x_it.o(i.SVC_Handler)
    i.Second_AT_Command                      0x08002248   Section        0  user.o(i.Second_AT_Command)
    i.SetBitMask                             0x080022d4   Section        0  rc522.o(i.SetBitMask)
    i.SetSysClock                            0x080022f0   Section        0  system_stm32f10x.o(i.SetSysClock)
    SetSysClock                              0x080022f1   Thumb Code     8  system_stm32f10x.o(i.SetSysClock)
    i.SetSysClockTo72                        0x080022f8   Section        0  system_stm32f10x.o(i.SetSysClockTo72)
    SetSysClockTo72                          0x080022f9   Thumb Code   214  system_stm32f10x.o(i.SetSysClockTo72)
    i.StartUart1SendData                     0x080023d8   Section        0  modbus.o(i.StartUart1SendData)
    i.StartUart2SendData                     0x0800240c   Section        0  modbus.o(i.StartUart2SendData)
    i.StartUart3SendData                     0x08002440   Section        0  modbus.o(i.StartUart3SendData)
    i.SysInitRun                             0x08002474   Section        0  sysrun.o(i.SysInitRun)
    i.SysTick_CLKSourceConfig                0x08002480   Section        0  misc.o(i.SysTick_CLKSourceConfig)
    i.SysTick_Handler                        0x080024a8   Section        0  stm32f10x_it.o(i.SysTick_Handler)
    i.SystemAction                           0x080024c0   Section        0  sysrun.o(i.SystemAction)
    i.SystemInit                             0x080024d0   Section        0  system_stm32f10x.o(i.SystemInit)
    i.SystemUserInit                         0x08002530   Section        0  sysrun.o(i.SystemUserInit)
    i.Time_check                             0x080025bc   Section        0  sysrun.o(i.Time_check)
    i.Tohex                                  0x080027a4   Section        0  main.o(i.Tohex)
    i.UART1Init                              0x080027d4   Section        0  uart.o(i.UART1Init)
    i.UART2Init                              0x08002894   Section        0  uart.o(i.UART2Init)
    i.UART3Init                              0x08002948   Section        0  uart.o(i.UART3Init)
    i.USART1_IRQHandler                      0x08002a00   Section        0  stm32f10x_it.o(i.USART1_IRQHandler)
    i.USART2_IRQHandler                      0x08002aa0   Section        0  stm32f10x_it.o(i.USART2_IRQHandler)
    i.USART3_IRQHandler                      0x08002b64   Section        0  stm32f10x_it.o(i.USART3_IRQHandler)
    i.USART_Cmd                              0x08002c00   Section        0  stm32f10x_usart.o(i.USART_Cmd)
    i.USART_ITConfig                         0x08002c18   Section        0  stm32f10x_usart.o(i.USART_ITConfig)
    i.USART_Init                             0x08002c64   Section        0  stm32f10x_usart.o(i.USART_Init)
    i.Uart1DataProcess                       0x08002d3c   Section        0  modbus.o(i.Uart1DataProcess)
    i.Uart1SendData                          0x08002e90   Section        0  modbus.o(i.Uart1SendData)
    i.Uart1SendString                        0x08002ec0   Section        0  modbus.o(i.Uart1SendString)
    i.Uart2SendString                        0x08002ef4   Section        0  modbus.o(i.Uart2SendString)
    i.Uart3SendData                          0x08002f28   Section        0  modbus.o(i.Uart3SendData)
    i.UsageFault_Handler                     0x08002f58   Section        0  stm32f10x_it.o(i.UsageFault_Handler)
    i.User                                   0x08002f5c   Section        0  user.o(i.User)
    i.WriteRawRC                             0x080034a8   Section        0  rc522.o(i.WriteRawRC)
    i.__NVIC_SystemReset                     0x080035b0   Section        0  user.o(i.__NVIC_SystemReset)
    __NVIC_SystemReset                       0x080035b1   Thumb Code    56  user.o(i.__NVIC_SystemReset)
    i.json_get_number_value                  0x080035f0   Section        0  json.o(i.json_get_number_value)
    i.json_get_value                         0x08003658   Section        0  json.o(i.json_get_value)
    i.json_parsing                           0x080036cc   Section        0  user.o(i.json_parsing)
    i.main                                   0x080036f0   Section        0  main.o(i.main)
    i.os_delay_us                            0x08003874   Section        0  rc522.o(i.os_delay_us)
    i.readCard                               0x08003890   Section        0  rc522.o(i.readCard)
    .constdata                               0x08003a3c   Section       32  user.o(.constdata)
    .constdata                               0x08003a5c   Section       16  modbus.o(.constdata)
    .constdata                               0x08003a6c   Section       40  _printf_hex_int.o(.constdata)
    uc_hextab                                0x08003a6c   Data          20  _printf_hex_int.o(.constdata)
    lc_hextab                                0x08003a80   Data          20  _printf_hex_int.o(.constdata)
    .conststring                             0x08003a94   Section      346  user.o(.conststring)
    .data                                    0x20000000   Section       37  user.o(.data)
    online                                   0x2000000b   Data           1  user.o(.data)
    wait_time                                0x20000021   Data           1  user.o(.data)
    wait                                     0x20000022   Data           1  user.o(.data)
    checkonline                              0x20000023   Data           1  user.o(.data)
    led                                      0x20000024   Data           1  user.o(.data)
    .data                                    0x20000025   Section       20  stm32f10x_rcc.o(.data)
    APBAHBPrescTable                         0x20000025   Data          16  stm32f10x_rcc.o(.data)
    ADCPrescTable                            0x20000035   Data           4  stm32f10x_rcc.o(.data)
    .data                                    0x20000040   Section       56  sysrun.o(.data)
    Led_Count50                              0x20000075   Data           1  sysrun.o(.data)
    Led_Count10                              0x20000076   Data           1  sysrun.o(.data)
    InitTime_Check                           0x20000077   Data           1  sysrun.o(.data)
    .data                                    0x20000078   Section       34  modbus.o(.data)
    ReadID                                   0x20000099   Data           1  modbus.o(.data)
    .data                                    0x2000009c   Section       37  rc522.o(.data)
    initflag                                 0x200000c0   Data           1  rc522.o(.data)
    .bss                                     0x200000c4   Section       72  user.o(.bss)
    Number                                   0x200000c4   Data          20  user.o(.bss)
    NumCount                                 0x200000d8   Data          20  user.o(.bss)
    .bss                                     0x2000010c   Section     5364  modbus.o(.bss)
    .bss                                     0x20001600   Section       80  rc522.o(.bss)
    .bss                                     0x20001650   Section       96  libspace.o(.bss)
    HEAP                                     0x200016b0   Section      512  startup_stm32f10x_md.o(HEAP)
    Heap_Mem                                 0x200016b0   Data         512  startup_stm32f10x_md.o(HEAP)
    STACK                                    0x200018b0   Section     1024  startup_stm32f10x_md.o(STACK)
    Stack_Mem                                0x200018b0   Data        1024  startup_stm32f10x_md.o(STACK)
    __initial_sp                             0x20001cb0   Data           0  startup_stm32f10x_md.o(STACK)

    Global Symbols

    Symbol Name                              Value     Ov Type        Size  Object(Section)

    BuildAttributes$$THM_ISAv4$P$D$K$B$S$PE$A:L22UL41UL21$X:L11$S22US41US21$IEEE1$IW$USESV6$~STKCKD$USESV7$~SHL$OSPACE$ROPI$EBA8$UX$STANDARDLIB$REQ8$PRES8$EABIv2 0x00000000   Number         0  anon$$obj.o ABSOLUTE
    __ARM_use_no_argv                        0x00000000   Number         0  main.o ABSOLUTE
    __ARM_exceptions_init                     - Undefined Weak Reference
    __alloca_initialize                       - Undefined Weak Reference
    __arm_preinit_                            - Undefined Weak Reference
    __cpp_initialize__aeabi_                  - Undefined Weak Reference
    __cxa_finalize                            - Undefined Weak Reference
    __rt_locale                               - Undefined Weak Reference
    __sigvec_lookup                           - Undefined Weak Reference
    _atexit_init                              - Undefined Weak Reference
    _call_atexit_fns                          - Undefined Weak Reference
    _clock_init                               - Undefined Weak Reference
    _fp_trap_init                             - Undefined Weak Reference
    _fp_trap_shutdown                         - Undefined Weak Reference
    _get_lc_collate                           - Undefined Weak Reference
    _get_lc_ctype                             - Undefined Weak Reference
    _get_lc_monetary                          - Undefined Weak Reference
    _get_lc_numeric                           - Undefined Weak Reference
    _get_lc_time                              - Undefined Weak Reference
    _getenv_init                              - Undefined Weak Reference
    _handle_redirection                       - Undefined Weak Reference
    _init_alloc                               - Undefined Weak Reference
    _init_user_alloc                          - Undefined Weak Reference
    _initio                                   - Undefined Weak Reference
    _printf_mbtowc                            - Undefined Weak Reference
    _printf_post_padding                      - Undefined Weak Reference
    _printf_pre_padding                       - Undefined Weak Reference
    _printf_truncate_unsigned                 - Undefined Weak Reference
    _rand_init                                - Undefined Weak Reference
    _signal_finish                            - Undefined Weak Reference
    _signal_init                              - Undefined Weak Reference
    _terminate_alloc                          - Undefined Weak Reference
    _terminate_user_alloc                     - Undefined Weak Reference
    _terminateio                              - Undefined Weak Reference
    __Vectors_Size                           0x000000ec   Number         0  startup_stm32f10x_md.o ABSOLUTE
    __Vectors                                0x08000000   Data           4  startup_stm32f10x_md.o(RESET)
    __Vectors_End                            0x080000ec   Data           0  startup_stm32f10x_md.o(RESET)
    __main                                   0x080000ed   Thumb Code     8  __main.o(!!!main)
    __scatterload                            0x080000f5   Thumb Code     0  __scatter.o(!!!scatter)
    __scatterload_rt2                        0x080000f5   Thumb Code    44  __scatter.o(!!!scatter)
    __scatterload_rt2_thumb_only             0x080000f5   Thumb Code     0  __scatter.o(!!!scatter)
    __scatterload_null                       0x08000103   Thumb Code     0  __scatter.o(!!!scatter)
    __scatterload_copy                       0x08000129   Thumb Code    26  __scatter_copy.o(!!handler_copy)
    __scatterload_zeroinit                   0x08000145   Thumb Code    28  __scatter_zi.o(!!handler_zi)
    _printf_percent                          0x08000161   Thumb Code     0  _printf_percent.o(.ARM.Collect$$_printf_percent$$00000000)
    _printf_x                                0x08000161   Thumb Code     0  _printf_x.o(.ARM.Collect$$_printf_percent$$0000000C)
    _printf_s                                0x08000167   Thumb Code     0  _printf_s.o(.ARM.Collect$$_printf_percent$$00000014)
    _printf_percent_end                      0x0800016d   Thumb Code     0  _printf_percent_end.o(.ARM.Collect$$_printf_percent$$00000017)
    __rt_lib_init                            0x08000171   Thumb Code     0  libinit.o(.ARM.Collect$$libinit$$00000000)
    __rt_lib_init_alloca_1                   0x08000173   Thumb Code     0  libinit2.o(.ARM.Collect$$libinit$$0000002E)
    __rt_lib_init_argv_1                     0x08000173   Thumb Code     0  libinit2.o(.ARM.Collect$$libinit$$0000002C)
    __rt_lib_init_atexit_1                   0x08000173   Thumb Code     0  libinit2.o(.ARM.Collect$$libinit$$0000001B)
    __rt_lib_init_clock_1                    0x08000173   Thumb Code     0  libinit2.o(.ARM.Collect$$libinit$$00000021)
    __rt_lib_init_cpp_1                      0x08000173   Thumb Code     0  libinit2.o(.ARM.Collect$$libinit$$00000032)
    __rt_lib_init_exceptions_1               0x08000173   Thumb Code     0  libinit2.o(.ARM.Collect$$libinit$$00000030)
    __rt_lib_init_fp_1                       0x08000173   Thumb Code     0  libinit2.o(.ARM.Collect$$libinit$$00000002)
    __rt_lib_init_fp_trap_1                  0x08000173   Thumb Code     0  libinit2.o(.ARM.Collect$$libinit$$0000001F)
    __rt_lib_init_getenv_1                   0x08000173   Thumb Code     0  libinit2.o(.ARM.Collect$$libinit$$00000023)
    __rt_lib_init_heap_1                     0x08000173   Thumb Code     0  libinit2.o(.ARM.Collect$$libinit$$0000000A)
    __rt_lib_init_lc_collate_1               0x08000173   Thumb Code     0  libinit2.o(.ARM.Collect$$libinit$$00000011)
    __rt_lib_init_lc_ctype_1                 0x08000173   Thumb Code     0  libinit2.o(.ARM.Collect$$libinit$$00000013)
    __rt_lib_init_lc_monetary_1              0x08000173   Thumb Code     0  libinit2.o(.ARM.Collect$$libinit$$00000015)
    __rt_lib_init_lc_numeric_1               0x08000173   Thumb Code     0  libinit2.o(.ARM.Collect$$libinit$$00000017)
    __rt_lib_init_lc_time_1                  0x08000173   Thumb Code     0  libinit2.o(.ARM.Collect$$libinit$$00000019)
    __rt_lib_init_preinit_1                  0x08000173   Thumb Code     0  libinit2.o(.ARM.Collect$$libinit$$00000004)
    __rt_lib_init_rand_1                     0x08000173   Thumb Code     0  libinit2.o(.ARM.Collect$$libinit$$0000000E)
    __rt_lib_init_return                     0x08000173   Thumb Code     0  libinit2.o(.ARM.Collect$$libinit$$00000033)
    __rt_lib_init_signal_1                   0x08000173   Thumb Code     0  libinit2.o(.ARM.Collect$$libinit$$0000001D)
    __rt_lib_init_stdio_1                    0x08000173   Thumb Code     0  libinit2.o(.ARM.Collect$$libinit$$00000025)
    __rt_lib_init_user_alloc_1               0x08000173   Thumb Code     0  libinit2.o(.ARM.Collect$$libinit$$0000000C)
    __rt_lib_shutdown                        0x08000175   Thumb Code     0  libshutdown.o(.ARM.Collect$$libshutdown$$00000000)
    __rt_lib_shutdown_cpp_1                  0x08000177   Thumb Code     0  libshutdown2.o(.ARM.Collect$$libshutdown$$00000002)
    __rt_lib_shutdown_fp_trap_1              0x08000177   Thumb Code     0  libshutdown2.o(.ARM.Collect$$libshutdown$$00000007)
    __rt_lib_shutdown_heap_1                 0x08000177   Thumb Code     0  libshutdown2.o(.ARM.Collect$$libshutdown$$0000000F)
    __rt_lib_shutdown_return                 0x08000177   Thumb Code     0  libshutdown2.o(.ARM.Collect$$libshutdown$$00000010)
    __rt_lib_shutdown_signal_1               0x08000177   Thumb Code     0  libshutdown2.o(.ARM.Collect$$libshutdown$$0000000A)
    __rt_lib_shutdown_stdio_1                0x08000177   Thumb Code     0  libshutdown2.o(.ARM.Collect$$libshutdown$$00000004)
    __rt_lib_shutdown_user_alloc_1           0x08000177   Thumb Code     0  libshutdown2.o(.ARM.Collect$$libshutdown$$0000000C)
    __rt_entry                               0x08000179   Thumb Code     0  __rtentry.o(.ARM.Collect$$rtentry$$00000000)
    __rt_entry_presh_1                       0x08000179   Thumb Code     0  __rtentry2.o(.ARM.Collect$$rtentry$$00000002)
    __rt_entry_sh                            0x08000179   Thumb Code     0  __rtentry4.o(.ARM.Collect$$rtentry$$00000004)
    __rt_entry_li                            0x0800017f   Thumb Code     0  __rtentry2.o(.ARM.Collect$$rtentry$$0000000A)
    __rt_entry_postsh_1                      0x0800017f   Thumb Code     0  __rtentry2.o(.ARM.Collect$$rtentry$$00000009)
    __rt_entry_main                          0x08000183   Thumb Code     0  __rtentry2.o(.ARM.Collect$$rtentry$$0000000D)
    __rt_entry_postli_1                      0x08000183   Thumb Code     0  __rtentry2.o(.ARM.Collect$$rtentry$$0000000C)
    __rt_exit                                0x0800018b   Thumb Code     0  rtexit.o(.ARM.Collect$$rtexit$$00000000)
    __rt_exit_ls                             0x0800018d   Thumb Code     0  rtexit2.o(.ARM.Collect$$rtexit$$00000003)
    __rt_exit_prels_1                        0x0800018d   Thumb Code     0  rtexit2.o(.ARM.Collect$$rtexit$$00000002)
    __rt_exit_exit                           0x08000191   Thumb Code     0  rtexit2.o(.ARM.Collect$$rtexit$$00000004)
    Reset_Handler                            0x08000199   Thumb Code     8  startup_stm32f10x_md.o(.text)
    ADC1_2_IRQHandler                        0x080001b3   Thumb Code     0  startup_stm32f10x_md.o(.text)
    CAN1_RX1_IRQHandler                      0x080001b3   Thumb Code     0  startup_stm32f10x_md.o(.text)
    CAN1_SCE_IRQHandler                      0x080001b3   Thumb Code     0  startup_stm32f10x_md.o(.text)
    DMA1_Channel1_IRQHandler                 0x080001b3   Thumb Code     0  startup_stm32f10x_md.o(.text)
    DMA1_Channel2_IRQHandler                 0x080001b3   Thumb Code     0  startup_stm32f10x_md.o(.text)
    DMA1_Channel3_IRQHandler                 0x080001b3   Thumb Code     0  startup_stm32f10x_md.o(.text)
    DMA1_Channel4_IRQHandler                 0x080001b3   Thumb Code     0  startup_stm32f10x_md.o(.text)
    DMA1_Channel5_IRQHandler                 0x080001b3   Thumb Code     0  startup_stm32f10x_md.o(.text)
    DMA1_Channel6_IRQHandler                 0x080001b3   Thumb Code     0  startup_stm32f10x_md.o(.text)
    DMA1_Channel7_IRQHandler                 0x080001b3   Thumb Code     0  startup_stm32f10x_md.o(.text)
    EXTI0_IRQHandler                         0x080001b3   Thumb Code     0  startup_stm32f10x_md.o(.text)
    EXTI15_10_IRQHandler                     0x080001b3   Thumb Code     0  startup_stm32f10x_md.o(.text)
    EXTI1_IRQHandler                         0x080001b3   Thumb Code     0  startup_stm32f10x_md.o(.text)
    EXTI2_IRQHandler                         0x080001b3   Thumb Code     0  startup_stm32f10x_md.o(.text)
    EXTI3_IRQHandler                         0x080001b3   Thumb Code     0  startup_stm32f10x_md.o(.text)
    EXTI4_IRQHandler                         0x080001b3   Thumb Code     0  startup_stm32f10x_md.o(.text)
    EXTI9_5_IRQHandler                       0x080001b3   Thumb Code     0  startup_stm32f10x_md.o(.text)
    FLASH_IRQHandler                         0x080001b3   Thumb Code     0  startup_stm32f10x_md.o(.text)
    I2C1_ER_IRQHandler                       0x080001b3   Thumb Code     0  startup_stm32f10x_md.o(.text)
    I2C1_EV_IRQHandler                       0x080001b3   Thumb Code     0  startup_stm32f10x_md.o(.text)
    I2C2_ER_IRQHandler                       0x080001b3   Thumb Code     0  startup_stm32f10x_md.o(.text)
    I2C2_EV_IRQHandler                       0x080001b3   Thumb Code     0  startup_stm32f10x_md.o(.text)
    PVD_IRQHandler                           0x080001b3   Thumb Code     0  startup_stm32f10x_md.o(.text)
    RCC_IRQHandler                           0x080001b3   Thumb Code     0  startup_stm32f10x_md.o(.text)
    RTCAlarm_IRQHandler                      0x080001b3   Thumb Code     0  startup_stm32f10x_md.o(.text)
    RTC_IRQHandler                           0x080001b3   Thumb Code     0  startup_stm32f10x_md.o(.text)
    SPI1_IRQHandler                          0x080001b3   Thumb Code     0  startup_stm32f10x_md.o(.text)
    SPI2_IRQHandler                          0x080001b3   Thumb Code     0  startup_stm32f10x_md.o(.text)
    TAMPER_IRQHandler                        0x080001b3   Thumb Code     0  startup_stm32f10x_md.o(.text)
    TIM1_BRK_IRQHandler                      0x080001b3   Thumb Code     0  startup_stm32f10x_md.o(.text)
    TIM1_CC_IRQHandler                       0x080001b3   Thumb Code     0  startup_stm32f10x_md.o(.text)
    TIM1_TRG_COM_IRQHandler                  0x080001b3   Thumb Code     0  startup_stm32f10x_md.o(.text)
    TIM1_UP_IRQHandler                       0x080001b3   Thumb Code     0  startup_stm32f10x_md.o(.text)
    TIM2_IRQHandler                          0x080001b3   Thumb Code     0  startup_stm32f10x_md.o(.text)
    TIM3_IRQHandler                          0x080001b3   Thumb Code     0  startup_stm32f10x_md.o(.text)
    TIM4_IRQHandler                          0x080001b3   Thumb Code     0  startup_stm32f10x_md.o(.text)
    USBWakeUp_IRQHandler                     0x080001b3   Thumb Code     0  startup_stm32f10x_md.o(.text)
    USB_HP_CAN1_TX_IRQHandler                0x080001b3   Thumb Code     0  startup_stm32f10x_md.o(.text)
    USB_LP_CAN1_RX0_IRQHandler               0x080001b3   Thumb Code     0  startup_stm32f10x_md.o(.text)
    WWDG_IRQHandler                          0x080001b3   Thumb Code     0  startup_stm32f10x_md.o(.text)
    __user_initial_stackheap                 0x080001b5   Thumb Code     0  startup_stm32f10x_md.o(.text)
    __2sprintf                               0x080001d9   Thumb Code    34  noretval__2sprintf.o(.text)
    __2snprintf                              0x08000201   Thumb Code    48  noretval__2snprintf.o(.text)
    __printf                                 0x08000235   Thumb Code   104  __printf.o(.text)
    _printf_str                              0x0800029d   Thumb Code    82  _printf_str.o(.text)
    _printf_int_hex                          0x080002f1   Thumb Code    84  _printf_hex_int.o(.text)
    _printf_longlong_hex                     0x080002f1   Thumb Code     0  _printf_hex_int.o(.text)
    strstr                                   0x08000349   Thumb Code    36  strstr.o(.text)
    strlen                                   0x0800036d   Thumb Code    62  strlen.o(.text)
    __aeabi_memcpy                           0x080003ab   Thumb Code     0  rt_memcpy_v6.o(.text)
    __rt_memcpy                              0x080003ab   Thumb Code   138  rt_memcpy_v6.o(.text)
    _memcpy_lastbytes                        0x08000411   Thumb Code     0  rt_memcpy_v6.o(.text)
    __aeabi_memcpy4                          0x08000435   Thumb Code     0  rt_memcpy_w.o(.text)
    __aeabi_memcpy8                          0x08000435   Thumb Code     0  rt_memcpy_w.o(.text)
    __rt_memcpy_w                            0x08000435   Thumb Code   100  rt_memcpy_w.o(.text)
    _memcpy_lastbytes_aligned                0x0800047d   Thumb Code     0  rt_memcpy_w.o(.text)
    __aeabi_memclr                           0x08000499   Thumb Code     0  rt_memclr.o(.text)
    __rt_memclr                              0x08000499   Thumb Code    68  rt_memclr.o(.text)
    _memset                                  0x0800049d   Thumb Code     0  rt_memclr.o(.text)
    __aeabi_memclr4                          0x080004dd   Thumb Code     0  rt_memclr_w.o(.text)
    __aeabi_memclr8                          0x080004dd   Thumb Code     0  rt_memclr_w.o(.text)
    __rt_memclr_w                            0x080004dd   Thumb Code    78  rt_memclr_w.o(.text)
    _memset_w                                0x080004e1   Thumb Code     0  rt_memclr_w.o(.text)
    strncpy                                  0x0800052b   Thumb Code    86  strncpy.o(.text)
    strcmp                                   0x08000581   Thumb Code   128  strcmpv7m.o(.text)
    __use_two_region_memory                  0x08000601   Thumb Code     2  heapauxi.o(.text)
    __rt_heap_escrow$2region                 0x08000603   Thumb Code     2  heapauxi.o(.text)
    __rt_heap_expand$2region                 0x08000605   Thumb Code     2  heapauxi.o(.text)
    _printf_int_common                       0x08000607   Thumb Code   178  _printf_intcommon.o(.text)
    _printf_char_common                      0x080006c3   Thumb Code    32  _printf_char_common.o(.text)
    _sputc                                   0x080006e9   Thumb Code    10  _sputc.o(.text)
    _snputc                                  0x080006f3   Thumb Code    16  _snputc.o(.text)
    _printf_cs_common                        0x08000703   Thumb Code    20  _printf_char.o(.text)
    _printf_char                             0x08000717   Thumb Code    16  _printf_char.o(.text)
    _printf_string                           0x08000727   Thumb Code     8  _printf_char.o(.text)
    __user_setup_stackheap                   0x0800072f   Thumb Code    74  sys_stackheap_outer.o(.text)
    exit                                     0x08000779   Thumb Code    18  exit.o(.text)
    __user_libspace                          0x0800078d   Thumb Code     8  libspace.o(.text)
    __user_perproc_libspace                  0x0800078d   Thumb Code     0  libspace.o(.text)
    __user_perthread_libspace                0x0800078d   Thumb Code     0  libspace.o(.text)
    _sys_exit                                0x08000795   Thumb Code     8  sys_exit.o(.text)
    __I$use$semihosting                      0x080007a1   Thumb Code     0  use_no_semi.o(.text)
    __use_no_semihosting_swi                 0x080007a1   Thumb Code     2  use_no_semi.o(.text)
    BusFault_Handler                         0x080007a3   Thumb Code     4  stm32f10x_it.o(i.BusFault_Handler)
    __semihosting_library_function           0x080007a3   Thumb Code     0  indicate_semi.o(.text)
    CalulateCRC                              0x080007a7   Thumb Code   108  rc522.o(i.CalulateCRC)
    Char_Hex                                 0x08000815   Thumb Code   278  user.o(i.Char_Hex)
    ClearBitMask                             0x08000939   Thumb Code    28  rc522.o(i.ClearBitMask)
    DebugMon_Handler                         0x08000955   Thumb Code     2  stm32f10x_it.o(i.DebugMon_Handler)
    Even_Processing                          0x08000959   Thumb Code   282  user.o(i.Even_Processing)
    FLASH_ErasePage                          0x08000b1d   Thumb Code    72  stm32f10x_flash.o(i.FLASH_ErasePage)
    FLASH_GetBank1Status                     0x08000b69   Thumb Code    48  stm32f10x_flash.o(i.FLASH_GetBank1Status)
    FLASH_Lock                               0x08000b9d   Thumb Code    14  stm32f10x_flash.o(i.FLASH_Lock)
    FLASH_ProgramHalfWord                    0x08000bb1   Thumb Code    60  stm32f10x_flash.o(i.FLASH_ProgramHalfWord)
    FLASH_SetLatency                         0x08000bf1   Thumb Code    18  stm32f10x_flash.o(i.FLASH_SetLatency)
    FLASH_Unlock                             0x08000c09   Thumb Code    12  stm32f10x_flash.o(i.FLASH_Unlock)
    FLASH_WaitForLastOperation               0x08000c21   Thumb Code    38  stm32f10x_flash.o(i.FLASH_WaitForLastOperation)
    Find                                     0x08000c49   Thumb Code    22  user.o(i.Find)
    Flash_Read                               0x08000c65   Thumb Code    22  stmflash.o(i.Flash_Read)
    Flash_Write                              0x08000c7b   Thumb Code   220  stmflash.o(i.Flash_Write)
    Flash_Write_Without_check                0x08000d57   Thumb Code    50  stmflash.o(i.Flash_Write_Without_check)
    GPIO_Init                                0x08000d89   Thumb Code   278  stm32f10x_gpio.o(i.GPIO_Init)
    GPIO_PinRemapConfig                      0x08000ea1   Thumb Code   138  stm32f10x_gpio.o(i.GPIO_PinRemapConfig)
    GPIO_ReadInputDataBit                    0x08000f31   Thumb Code    18  stm32f10x_gpio.o(i.GPIO_ReadInputDataBit)
    GPIO_ResetBits                           0x08000f43   Thumb Code     4  stm32f10x_gpio.o(i.GPIO_ResetBits)
    GPIO_SetBits                             0x08000f47   Thumb Code     4  stm32f10x_gpio.o(i.GPIO_SetBits)
    GPRS_Config                              0x08000f4d   Thumb Code   820  user.o(i.GPRS_Config)
    HardFault_Handler                        0x080013a5   Thumb Code     4  stm32f10x_it.o(i.HardFault_Handler)
    Hex_char                                 0x080013a9   Thumb Code   246  user.o(i.Hex_char)
    I0Init                                   0x08001501   Thumb Code   142  io.o(i.I0Init)
    IWDG_Configuration                       0x0800159d   Thumb Code    34  sysrun.o(i.IWDG_Configuration)
    IWDG_Enable                              0x080015c1   Thumb Code    10  stm32f10x_iwdg.o(i.IWDG_Enable)
    IWDG_ReloadCounter                       0x080015d1   Thumb Code    10  stm32f10x_iwdg.o(i.IWDG_ReloadCounter)
    IWDG_SetPrescaler                        0x080015e1   Thumb Code     6  stm32f10x_iwdg.o(i.IWDG_SetPrescaler)
    IWDG_SetReload                           0x080015ed   Thumb Code     6  stm32f10x_iwdg.o(i.IWDG_SetReload)
    IWDG_WriteAccessCmd                      0x080015f9   Thumb Code     6  stm32f10x_iwdg.o(i.IWDG_WriteAccessCmd)
    InitRc522                                0x08001605   Thumb Code   172  rc522.o(i.InitRc522)
    Key                                      0x080016bd   Thumb Code   104  user.o(i.Key)
    LedFlash                                 0x08001739   Thumb Code    58  sysrun.o(i.LedFlash)
    M500PcdConfigISOType                     0x08001781   Thumb Code    92  rc522.o(i.M500PcdConfigISOType)
    MQTT_Init                                0x080017dd   Thumb Code   284  user.o(i.MQTT_Init)
    MemManage_Handler                        0x08001955   Thumb Code     4  stm32f10x_it.o(i.MemManage_Handler)
    NMI_Handler                              0x08001959   Thumb Code     2  stm32f10x_it.o(i.NMI_Handler)
    NVIC_Init                                0x0800195d   Thumb Code   100  misc.o(i.NVIC_Init)
    NVIC_PriorityGroupConfig                 0x080019cd   Thumb Code    10  misc.o(i.NVIC_PriorityGroupConfig)
    NVIC_SetVectorTable                      0x080019e1   Thumb Code    12  misc.o(i.NVIC_SetVectorTable)
    PcdAntennaOff                            0x080019f5   Thumb Code    12  rc522.o(i.PcdAntennaOff)
    PcdAntennaOn                             0x08001a01   Thumb Code    26  rc522.o(i.PcdAntennaOn)
    PcdAnticoll                              0x08001a1b   Thumb Code   112  rc522.o(i.PcdAnticoll)
    PcdAuthState                             0x08001a8b   Thumb Code   110  rc522.o(i.PcdAuthState)
    PcdComMF522                              0x08001af9   Thumb Code   306  rc522.o(i.PcdComMF522)
    PcdRead                                  0x08001c2b   Thumb Code    84  rc522.o(i.PcdRead)
    PcdRequest                               0x08001c7f   Thumb Code    84  rc522.o(i.PcdRequest)
    PcdReset                                 0x08001cd5   Thumb Code   116  rc522.o(i.PcdReset)
    PcdSelect                                0x08001d4d   Thumb Code   114  rc522.o(i.PcdSelect)
    PendSV_Handler                           0x08001dbf   Thumb Code     2  stm32f10x_it.o(i.PendSV_Handler)
    Power_RF_ON                              0x08001dc1   Thumb Code    46  rc522.o(i.Power_RF_ON)
    PrvSetupHardware                         0x08001e09   Thumb Code   146  sysrun.o(i.PrvSetupHardware)
    RCC_AHBPeriphClockCmd                    0x08001e9d   Thumb Code    26  stm32f10x_rcc.o(i.RCC_AHBPeriphClockCmd)
    RCC_APB1PeriphClockCmd                   0x08001ebd   Thumb Code    26  stm32f10x_rcc.o(i.RCC_APB1PeriphClockCmd)
    RCC_APB2PeriphClockCmd                   0x08001edd   Thumb Code    26  stm32f10x_rcc.o(i.RCC_APB2PeriphClockCmd)
    RCC_DeInit                               0x08001efd   Thumb Code    64  stm32f10x_rcc.o(i.RCC_DeInit)
    RCC_GetClocksFreq                        0x08001f49   Thumb Code   192  stm32f10x_rcc.o(i.RCC_GetClocksFreq)
    RCC_GetFlagStatus                        0x08002021   Thumb Code    56  stm32f10x_rcc.o(i.RCC_GetFlagStatus)
    RCC_GetSYSCLKSource                      0x0800205d   Thumb Code    10  stm32f10x_rcc.o(i.RCC_GetSYSCLKSource)
    RCC_HCLKConfig                           0x0800206d   Thumb Code    18  stm32f10x_rcc.o(i.RCC_HCLKConfig)
    RCC_HSEConfig                            0x08002085   Thumb Code    70  stm32f10x_rcc.o(i.RCC_HSEConfig)
    RCC_PCLK1Config                          0x080020d1   Thumb Code    18  stm32f10x_rcc.o(i.RCC_PCLK1Config)
    RCC_PCLK2Config                          0x080020e9   Thumb Code    20  stm32f10x_rcc.o(i.RCC_PCLK2Config)
    RCC_PLLCmd                               0x08002101   Thumb Code     6  stm32f10x_rcc.o(i.RCC_PLLCmd)
    RCC_PLLConfig                            0x0800210d   Thumb Code    24  stm32f10x_rcc.o(i.RCC_PLLConfig)
    RCC_SYSCLKConfig                         0x08002129   Thumb Code    18  stm32f10x_rcc.o(i.RCC_SYSCLKConfig)
    ReadRawRC                                0x08002141   Thumb Code   254  rc522.o(i.ReadRawRC)
    SVC_Handler                              0x08002245   Thumb Code     2  stm32f10x_it.o(i.SVC_Handler)
    Second_AT_Command                        0x08002249   Thumb Code   118  user.o(i.Second_AT_Command)
    SetBitMask                               0x080022d5   Thumb Code    28  rc522.o(i.SetBitMask)
    StartUart1SendData                       0x080023d9   Thumb Code    36  modbus.o(i.StartUart1SendData)
    StartUart2SendData                       0x0800240d   Thumb Code    36  modbus.o(i.StartUart2SendData)
    StartUart3SendData                       0x08002441   Thumb Code    36  modbus.o(i.StartUart3SendData)
    SysInitRun                               0x08002475   Thumb Code    12  sysrun.o(i.SysInitRun)
    SysTick_CLKSourceConfig                  0x08002481   Thumb Code    40  misc.o(i.SysTick_CLKSourceConfig)
    SysTick_Handler                          0x080024a9   Thumb Code    20  stm32f10x_it.o(i.SysTick_Handler)
    SystemAction                             0x080024c1   Thumb Code    16  sysrun.o(i.SystemAction)
    SystemInit                               0x080024d1   Thumb Code    78  system_stm32f10x.o(i.SystemInit)
    SystemUserInit                           0x08002531   Thumb Code   122  sysrun.o(i.SystemUserInit)
    Time_check                               0x080025bd   Thumb Code   416  sysrun.o(i.Time_check)
    Tohex                                    0x080027a5   Thumb Code    48  main.o(i.Tohex)
    UART1Init                                0x080027d5   Thumb Code   182  uart.o(i.UART1Init)
    UART2Init                                0x08002895   Thumb Code   170  uart.o(i.UART2Init)
    UART3Init                                0x08002949   Thumb Code   174  uart.o(i.UART3Init)
    USART1_IRQHandler                        0x08002a01   Thumb Code   128  stm32f10x_it.o(i.USART1_IRQHandler)
    USART2_IRQHandler                        0x08002aa1   Thumb Code   158  stm32f10x_it.o(i.USART2_IRQHandler)
    USART3_IRQHandler                        0x08002b65   Thumb Code   124  stm32f10x_it.o(i.USART3_IRQHandler)
    USART_Cmd                                0x08002c01   Thumb Code    24  stm32f10x_usart.o(i.USART_Cmd)
    USART_ITConfig                           0x08002c19   Thumb Code    74  stm32f10x_usart.o(i.USART_ITConfig)
    USART_Init                               0x08002c65   Thumb Code   210  stm32f10x_usart.o(i.USART_Init)
    Uart1DataProcess                         0x08002d3d   Thumb Code   308  modbus.o(i.Uart1DataProcess)
    Uart1SendData                            0x08002e91   Thumb Code    38  modbus.o(i.Uart1SendData)
    Uart1SendString                          0x08002ec1   Thumb Code    44  modbus.o(i.Uart1SendString)
    Uart2SendString                          0x08002ef5   Thumb Code    44  modbus.o(i.Uart2SendString)
    Uart3SendData                            0x08002f29   Thumb Code    40  modbus.o(i.Uart3SendData)
    UsageFault_Handler                       0x08002f59   Thumb Code     4  stm32f10x_it.o(i.UsageFault_Handler)
    User                                     0x08002f5d   Thumb Code   944  user.o(i.User)
    WriteRawRC                               0x080034a9   Thumb Code   258  rc522.o(i.WriteRawRC)
    json_get_number_value                    0x080035f1   Thumb Code    98  json.o(i.json_get_number_value)
    json_get_value                           0x08003659   Thumb Code   110  json.o(i.json_get_value)
    json_parsing                             0x080036cd   Thumb Code    24  user.o(i.json_parsing)
    main                                     0x080036f1   Thumb Code   342  main.o(i.main)
    os_delay_us                              0x08003875   Thumb Code    28  rc522.o(i.os_delay_us)
    readCard                                 0x08003891   Thumb Code   362  rc522.o(i.readCard)
    Region$$Table$$Base                      0x08003bf0   Number         0  anon$$obj.o(Region$$Table)
    Region$$Table$$Limit                     0x08003c10   Number         0  anon$$obj.o(Region$$Table)
    ReadFlag                                 0x20000000   Data           1  user.o(.data)
    WriteFlag                                0x20000001   Data           1  user.o(.data)
    step                                     0x20000004   Data           4  user.o(.data)
    flag                                     0x20000008   Data           1  user.o(.data)
    reflag                                   0x20000009   Data           1  user.o(.data)
    OldRF_Stat                               0x2000000a   Data           1  user.o(.data)
    CREG                                     0x2000000c   Data           8  user.o(.data)
    Card_Sendevent                           0x20000014   Data           1  user.o(.data)
    ONCard_Sendevent                         0x20000015   Data           1  user.o(.data)
    Char_Hex_flag                            0x20000016   Data           1  user.o(.data)
    Hex_char_flag                            0x20000017   Data           1  user.o(.data)
    Read_card                                0x20000018   Data           1  user.o(.data)
    Semaphore                                0x20000019   Data           1  user.o(.data)
    waitSemaphore                            0x2000001a   Data           1  user.o(.data)
    restart                                  0x2000001b   Data           1  user.o(.data)
    Version                                  0x2000001c   Data           1  user.o(.data)
    GPRS                                     0x2000001d   Data           1  user.o(.data)
    IDstring                                 0x2000001e   Data           2  user.o(.data)
    check_signal                             0x20000020   Data           1  user.o(.data)
    Systick_1ms                              0x20000040   Data           8  sysrun.o(.data)
    Systick_10ms                             0x20000048   Data           8  sysrun.o(.data)
    Systick_100ms                            0x20000050   Data           8  sysrun.o(.data)
    Systick_1s                               0x20000058   Data           8  sysrun.o(.data)
    Systick_1m                               0x20000060   Data           8  sysrun.o(.data)
    Systick_1h                               0x20000068   Data           8  sysrun.o(.data)
    uc10ms                                   0x20000070   Data           1  sysrun.o(.data)
    uc100ms                                  0x20000071   Data           1  sysrun.o(.data)
    uc1s                                     0x20000072   Data           1  sysrun.o(.data)
    uc1m                                     0x20000073   Data           1  sysrun.o(.data)
    uc1h                                     0x20000074   Data           1  sysrun.o(.data)
    ucUart1ReceLen                           0x20000078   Data           4  modbus.o(.data)
    ucUart1SendLen                           0x2000007c   Data           4  modbus.o(.data)
    ucUart1SendPosi                          0x20000080   Data           4  modbus.o(.data)
    ucUart1ReceTimeOut                       0x20000084   Data           1  modbus.o(.data)
    ucUart2ReceLen                           0x20000088   Data           4  modbus.o(.data)
    ucUart2SendLen                           0x2000008c   Data           1  modbus.o(.data)
    ucUart2SendPosi                          0x2000008d   Data           1  modbus.o(.data)
    ucUart2ReceTimeOut                       0x2000008e   Data           1  modbus.o(.data)
    ucUart3ReceLen                           0x20000090   Data           4  modbus.o(.data)
    ucUart3SendLen                           0x20000094   Data           1  modbus.o(.data)
    ucUart3SendPosi                          0x20000095   Data           1  modbus.o(.data)
    ucUart3ReceTimeOut                       0x20000096   Data           1  modbus.o(.data)
    ReadFlagUart3                            0x20000097   Data           1  modbus.o(.data)
    ReadFlagUart1                            0x20000098   Data           1  modbus.o(.data)
    Status                                   0x2000009c   Data           1  rc522.o(.data)
    RecType_Buf                              0x2000009d   Data           2  rc522.o(.data)
    Relay_Stat                               0x2000009f   Data           1  rc522.o(.data)
    RF_Stat                                  0x200000a0   Data           1  rc522.o(.data)
    GPRS_Stat                                0x200000a1   Data           1  rc522.o(.data)
    LocalInformation_Flag                    0x200000a2   Data           1  rc522.o(.data)
    RetStat_Flag                             0x200000a3   Data           1  rc522.o(.data)
    Section2_Pass_Buf                        0x200000a4   Data           6  rc522.o(.data)
    RoomNumber_Buf                           0x200000aa   Data           3  rc522.o(.data)
    HotelTag_Buf                             0x200000ad   Data           3  rc522.o(.data)
    Relay_Delay_Cnt                          0x200000b0   Data           4  rc522.o(.data)
    System_Delay_Cnt                         0x200000b4   Data           4  rc522.o(.data)
    RFID                                     0x200000b8   Data           8  rc522.o(.data)
    mycpuid                                  0x200000ec   Data          32  user.o(.bss)
    ucUart1Buff                              0x2000010c   Data         500  modbus.o(.bss)
    ucUart1SendBuff                          0x20000300   Data         500  modbus.o(.bss)
    ucUart2Buff                              0x200004f4   Data         800  modbus.o(.bss)
    ucUart2SendBuff                          0x20000814   Data         500  modbus.o(.bss)
    ucUart2replyBuff                         0x20000a08   Data         100  modbus.o(.bss)
    ucUart2DataBuff                          0x20000a6c   Data         500  modbus.o(.bss)
    ucUart3Buff                              0x20000c60   Data         300  modbus.o(.bss)
    ucUart3SendBuff                          0x20000d8c   Data         250  modbus.o(.bss)
    MqttParameter                            0x20000e88   Data        1912  modbus.o(.bss)
    RevSection_Buf                           0x20001600   Data          64  rc522.o(.bss)
    SPRecData_Buf                            0x20001640   Data          16  rc522.o(.bss)
    __libspace_start                         0x20001650   Data          96  libspace.o(.bss)
    __temporary_stack_top$libspace           0x200016b0   Data           0  libspace.o(.bss)



==============================================================================

Memory Map of the image

  Image Entry point : 0x080000ed

  Load Region LR_IROM1 (Base: 0x08000000, Size: 0x00003cd4, Max: 0x00010000, ABSOLUTE)

    Execution Region ER_IROM1 (Exec base: 0x08000000, Load base: 0x08000000, Size: 0x00003c10, Max: 0x00010000, ABSOLUTE)

    Exec Addr    Load Addr    Size         Type   Attr      Idx    E Section Name        Object

    0x08000000   0x08000000   0x000000ec   Data   RO         4134    RESET               startup_stm32f10x_md.o
    0x080000ec   0x080000ec   0x00000008   Code   RO         4261  * !!!main             c_w.l(__main.o)
    0x080000f4   0x080000f4   0x00000034   Code   RO         4431    !!!scatter          c_w.l(__scatter.o)
    0x08000128   0x08000128   0x0000001a   Code   RO         4433    !!handler_copy      c_w.l(__scatter_copy.o)
    0x08000142   0x08000142   0x00000002   PAD
    0x08000144   0x08000144   0x0000001c   Code   RO         4435    !!handler_zi        c_w.l(__scatter_zi.o)
    0x08000160   0x08000160   0x00000000   Code   RO         4242    .ARM.Collect$$_printf_percent$$00000000  c_w.l(_printf_percent.o)
    0x08000160   0x08000160   0x00000006   Code   RO         4241    .ARM.Collect$$_printf_percent$$0000000C  c_w.l(_printf_x.o)
    0x08000166   0x08000166   0x00000006   Code   RO         4240    .ARM.Collect$$_printf_percent$$00000014  c_w.l(_printf_s.o)
    0x0800016c   0x0800016c   0x00000004   Code   RO         4274    .ARM.Collect$$_printf_percent$$00000017  c_w.l(_printf_percent_end.o)
    0x08000170   0x08000170   0x00000002   Code   RO         4301    .ARM.Collect$$libinit$$00000000  c_w.l(libinit.o)
    0x08000172   0x08000172   0x00000000   Code   RO         4308    .ARM.Collect$$libinit$$00000002  c_w.l(libinit2.o)
    0x08000172   0x08000172   0x00000000   Code   RO         4310    .ARM.Collect$$libinit$$00000004  c_w.l(libinit2.o)
    0x08000172   0x08000172   0x00000000   Code   RO         4313    .ARM.Collect$$libinit$$0000000A  c_w.l(libinit2.o)
    0x08000172   0x08000172   0x00000000   Code   RO         4315    .ARM.Collect$$libinit$$0000000C  c_w.l(libinit2.o)
    0x08000172   0x08000172   0x00000000   Code   RO         4317    .ARM.Collect$$libinit$$0000000E  c_w.l(libinit2.o)
    0x08000172   0x08000172   0x00000000   Code   RO         4320    .ARM.Collect$$libinit$$00000011  c_w.l(libinit2.o)
    0x08000172   0x08000172   0x00000000   Code   RO         4322    .ARM.Collect$$libinit$$00000013  c_w.l(libinit2.o)
    0x08000172   0x08000172   0x00000000   Code   RO         4324    .ARM.Collect$$libinit$$00000015  c_w.l(libinit2.o)
    0x08000172   0x08000172   0x00000000   Code   RO         4326    .ARM.Collect$$libinit$$00000017  c_w.l(libinit2.o)
    0x08000172   0x08000172   0x00000000   Code   RO         4328    .ARM.Collect$$libinit$$00000019  c_w.l(libinit2.o)
    0x08000172   0x08000172   0x00000000   Code   RO         4330    .ARM.Collect$$libinit$$0000001B  c_w.l(libinit2.o)
    0x08000172   0x08000172   0x00000000   Code   RO         4332    .ARM.Collect$$libinit$$0000001D  c_w.l(libinit2.o)
    0x08000172   0x08000172   0x00000000   Code   RO         4334    .ARM.Collect$$libinit$$0000001F  c_w.l(libinit2.o)
    0x08000172   0x08000172   0x00000000   Code   RO         4336    .ARM.Collect$$libinit$$00000021  c_w.l(libinit2.o)
    0x08000172   0x08000172   0x00000000   Code   RO         4338    .ARM.Collect$$libinit$$00000023  c_w.l(libinit2.o)
    0x08000172   0x08000172   0x00000000   Code   RO         4340    .ARM.Collect$$libinit$$00000025  c_w.l(libinit2.o)
    0x08000172   0x08000172   0x00000000   Code   RO         4344    .ARM.Collect$$libinit$$0000002C  c_w.l(libinit2.o)
    0x08000172   0x08000172   0x00000000   Code   RO         4346    .ARM.Collect$$libinit$$0000002E  c_w.l(libinit2.o)
    0x08000172   0x08000172   0x00000000   Code   RO         4348    .ARM.Collect$$libinit$$00000030  c_w.l(libinit2.o)
    0x08000172   0x08000172   0x00000000   Code   RO         4350    .ARM.Collect$$libinit$$00000032  c_w.l(libinit2.o)
    0x08000172   0x08000172   0x00000002   Code   RO         4351    .ARM.Collect$$libinit$$00000033  c_w.l(libinit2.o)
    0x08000174   0x08000174   0x00000002   Code   RO         4371    .ARM.Collect$$libshutdown$$00000000  c_w.l(libshutdown.o)
    0x08000176   0x08000176   0x00000000   Code   RO         4384    .ARM.Collect$$libshutdown$$00000002  c_w.l(libshutdown2.o)
    0x08000176   0x08000176   0x00000000   Code   RO         4386    .ARM.Collect$$libshutdown$$00000004  c_w.l(libshutdown2.o)
    0x08000176   0x08000176   0x00000000   Code   RO         4389    .ARM.Collect$$libshutdown$$00000007  c_w.l(libshutdown2.o)
    0x08000176   0x08000176   0x00000000   Code   RO         4392    .ARM.Collect$$libshutdown$$0000000A  c_w.l(libshutdown2.o)
    0x08000176   0x08000176   0x00000000   Code   RO         4394    .ARM.Collect$$libshutdown$$0000000C  c_w.l(libshutdown2.o)
    0x08000176   0x08000176   0x00000000   Code   RO         4397    .ARM.Collect$$libshutdown$$0000000F  c_w.l(libshutdown2.o)
    0x08000176   0x08000176   0x00000002   Code   RO         4398    .ARM.Collect$$libshutdown$$00000010  c_w.l(libshutdown2.o)
    0x08000178   0x08000178   0x00000000   Code   RO         4263    .ARM.Collect$$rtentry$$00000000  c_w.l(__rtentry.o)
    0x08000178   0x08000178   0x00000000   Code   RO         4276    .ARM.Collect$$rtentry$$00000002  c_w.l(__rtentry2.o)
    0x08000178   0x08000178   0x00000006   Code   RO         4288    .ARM.Collect$$rtentry$$00000004  c_w.l(__rtentry4.o)
    0x0800017e   0x0800017e   0x00000000   Code   RO         4278    .ARM.Collect$$rtentry$$00000009  c_w.l(__rtentry2.o)
    0x0800017e   0x0800017e   0x00000004   Code   RO         4279    .ARM.Collect$$rtentry$$0000000A  c_w.l(__rtentry2.o)
    0x08000182   0x08000182   0x00000000   Code   RO         4281    .ARM.Collect$$rtentry$$0000000C  c_w.l(__rtentry2.o)
    0x08000182   0x08000182   0x00000008   Code   RO         4282    .ARM.Collect$$rtentry$$0000000D  c_w.l(__rtentry2.o)
    0x0800018a   0x0800018a   0x00000002   Code   RO         4305    .ARM.Collect$$rtexit$$00000000  c_w.l(rtexit.o)
    0x0800018c   0x0800018c   0x00000000   Code   RO         4353    .ARM.Collect$$rtexit$$00000002  c_w.l(rtexit2.o)
    0x0800018c   0x0800018c   0x00000004   Code   RO         4354    .ARM.Collect$$rtexit$$00000003  c_w.l(rtexit2.o)
    0x08000190   0x08000190   0x00000006   Code   RO         4355    .ARM.Collect$$rtexit$$00000004  c_w.l(rtexit2.o)
    0x08000196   0x08000196   0x00000002   PAD
    0x08000198   0x08000198   0x00000040   Code   RO         4135    .text               startup_stm32f10x_md.o
    0x080001d8   0x080001d8   0x00000028   Code   RO         4191    .text               c_w.l(noretval__2sprintf.o)
    0x08000200   0x08000200   0x00000034   Code   RO         4193    .text               c_w.l(noretval__2snprintf.o)
    0x08000234   0x08000234   0x00000068   Code   RO         4195    .text               c_w.l(__printf.o)
    0x0800029c   0x0800029c   0x00000052   Code   RO         4197    .text               c_w.l(_printf_str.o)
    0x080002ee   0x080002ee   0x00000002   PAD
    0x080002f0   0x080002f0   0x00000058   Code   RO         4202    .text               c_w.l(_printf_hex_int.o)
    0x08000348   0x08000348   0x00000024   Code   RO         4243    .text               c_w.l(strstr.o)
    0x0800036c   0x0800036c   0x0000003e   Code   RO         4245    .text               c_w.l(strlen.o)
    0x080003aa   0x080003aa   0x0000008a   Code   RO         4247    .text               c_w.l(rt_memcpy_v6.o)
    0x08000434   0x08000434   0x00000064   Code   RO         4249    .text               c_w.l(rt_memcpy_w.o)
    0x08000498   0x08000498   0x00000044   Code   RO         4251    .text               c_w.l(rt_memclr.o)
    0x080004dc   0x080004dc   0x0000004e   Code   RO         4253    .text               c_w.l(rt_memclr_w.o)
    0x0800052a   0x0800052a   0x00000056   Code   RO         4255    .text               c_w.l(strncpy.o)
    0x08000580   0x08000580   0x00000080   Code   RO         4257    .text               c_w.l(strcmpv7m.o)
    0x08000600   0x08000600   0x00000006   Code   RO         4259    .text               c_w.l(heapauxi.o)
    0x08000606   0x08000606   0x000000b2   Code   RO         4264    .text               c_w.l(_printf_intcommon.o)
    0x080006b8   0x080006b8   0x00000030   Code   RO         4266    .text               c_w.l(_printf_char_common.o)
    0x080006e8   0x080006e8   0x0000000a   Code   RO         4268    .text               c_w.l(_sputc.o)
    0x080006f2   0x080006f2   0x00000010   Code   RO         4270    .text               c_w.l(_snputc.o)
    0x08000702   0x08000702   0x0000002c   Code   RO         4272    .text               c_w.l(_printf_char.o)
    0x0800072e   0x0800072e   0x0000004a   Code   RO         4292    .text               c_w.l(sys_stackheap_outer.o)
    0x08000778   0x08000778   0x00000012   Code   RO         4294    .text               c_w.l(exit.o)
    0x0800078a   0x0800078a   0x00000002   PAD
    0x0800078c   0x0800078c   0x00000008   Code   RO         4302    .text               c_w.l(libspace.o)
    0x08000794   0x08000794   0x0000000c   Code   RO         4363    .text               c_w.l(sys_exit.o)
    0x080007a0   0x080007a0   0x00000002   Code   RO         4374    .text               c_w.l(use_no_semi.o)
    0x080007a2   0x080007a2   0x00000000   Code   RO         4376    .text               c_w.l(indicate_semi.o)
    0x080007a2   0x080007a2   0x00000004   Code   RO          160    i.BusFault_Handler  stm32f10x_it.o
    0x080007a6   0x080007a6   0x0000006c   Code   RO         3995    i.CalulateCRC       rc522.o
    0x08000812   0x08000812   0x00000002   PAD
    0x08000814   0x08000814   0x00000124   Code   RO          257    i.Char_Hex          user.o
    0x08000938   0x08000938   0x0000001c   Code   RO         3996    i.ClearBitMask      rc522.o
    0x08000954   0x08000954   0x00000002   Code   RO          161    i.DebugMon_Handler  stm32f10x_it.o
    0x08000956   0x08000956   0x00000002   PAD
    0x08000958   0x08000958   0x000001c4   Code   RO          258    i.Even_Processing   user.o
    0x08000b1c   0x08000b1c   0x0000004c   Code   RO         1418    i.FLASH_ErasePage   stm32f10x_flash.o
    0x08000b68   0x08000b68   0x00000034   Code   RO         1419    i.FLASH_GetBank1Status  stm32f10x_flash.o
    0x08000b9c   0x08000b9c   0x00000014   Code   RO         1428    i.FLASH_Lock        stm32f10x_flash.o
    0x08000bb0   0x08000bb0   0x00000040   Code   RO         1431    i.FLASH_ProgramHalfWord  stm32f10x_flash.o
    0x08000bf0   0x08000bf0   0x00000018   Code   RO         1435    i.FLASH_SetLatency  stm32f10x_flash.o
    0x08000c08   0x08000c08   0x00000018   Code   RO         1436    i.FLASH_Unlock      stm32f10x_flash.o
    0x08000c20   0x08000c20   0x00000026   Code   RO         1440    i.FLASH_WaitForLastOperation  stm32f10x_flash.o
    0x08000c46   0x08000c46   0x00000002   PAD
    0x08000c48   0x08000c48   0x0000001c   Code   RO          259    i.Find              user.o
    0x08000c64   0x08000c64   0x00000016   Code   RO         3914    i.Flash_Read        stmflash.o
    0x08000c7a   0x08000c7a   0x000000dc   Code   RO         3915    i.Flash_Write       stmflash.o
    0x08000d56   0x08000d56   0x00000032   Code   RO         3916    i.Flash_Write_Without_check  stmflash.o
    0x08000d88   0x08000d88   0x00000116   Code   RO         1737    i.GPIO_Init         stm32f10x_gpio.o
    0x08000e9e   0x08000e9e   0x00000002   PAD
    0x08000ea0   0x08000ea0   0x00000090   Code   RO         1739    i.GPIO_PinRemapConfig  stm32f10x_gpio.o
    0x08000f30   0x08000f30   0x00000012   Code   RO         1741    i.GPIO_ReadInputDataBit  stm32f10x_gpio.o
    0x08000f42   0x08000f42   0x00000004   Code   RO         1744    i.GPIO_ResetBits    stm32f10x_gpio.o
    0x08000f46   0x08000f46   0x00000004   Code   RO         1745    i.GPIO_SetBits      stm32f10x_gpio.o
    0x08000f4a   0x08000f4a   0x00000002   PAD
    0x08000f4c   0x08000f4c   0x00000458   Code   RO          260    i.GPRS_Config       user.o
    0x080013a4   0x080013a4   0x00000004   Code   RO          162    i.HardFault_Handler  stm32f10x_it.o
    0x080013a8   0x080013a8   0x00000158   Code   RO          261    i.Hex_char          user.o
    0x08001500   0x08001500   0x0000009c   Code   RO         3755    i.I0Init            io.o
    0x0800159c   0x0800159c   0x00000022   Code   RO         3685    i.IWDG_Configuration  sysrun.o
    0x080015be   0x080015be   0x00000002   PAD
    0x080015c0   0x080015c0   0x00000010   Code   RO         2073    i.IWDG_Enable       stm32f10x_iwdg.o
    0x080015d0   0x080015d0   0x00000010   Code   RO         2075    i.IWDG_ReloadCounter  stm32f10x_iwdg.o
    0x080015e0   0x080015e0   0x0000000c   Code   RO         2076    i.IWDG_SetPrescaler  stm32f10x_iwdg.o
    0x080015ec   0x080015ec   0x0000000c   Code   RO         2077    i.IWDG_SetReload    stm32f10x_iwdg.o
    0x080015f8   0x080015f8   0x0000000c   Code   RO         2078    i.IWDG_WriteAccessCmd  stm32f10x_iwdg.o
    0x08001604   0x08001604   0x000000b8   Code   RO         3997    i.InitRc522         rc522.o
    0x080016bc   0x080016bc   0x0000007c   Code   RO          262    i.Key               user.o
    0x08001738   0x08001738   0x00000048   Code   RO         3686    i.LedFlash          sysrun.o
    0x08001780   0x08001780   0x0000005c   Code   RO         3998    i.M500PcdConfigISOType  rc522.o
    0x080017dc   0x080017dc   0x00000178   Code   RO          263    i.MQTT_Init         user.o
    0x08001954   0x08001954   0x00000004   Code   RO          163    i.MemManage_Handler  stm32f10x_it.o
    0x08001958   0x08001958   0x00000002   Code   RO          164    i.NMI_Handler       stm32f10x_it.o
    0x0800195a   0x0800195a   0x00000002   PAD
    0x0800195c   0x0800195c   0x00000070   Code   RO          442    i.NVIC_Init         misc.o
    0x080019cc   0x080019cc   0x00000014   Code   RO          443    i.NVIC_PriorityGroupConfig  misc.o
    0x080019e0   0x080019e0   0x00000014   Code   RO          444    i.NVIC_SetVectorTable  misc.o
    0x080019f4   0x080019f4   0x0000000c   Code   RO         3999    i.PcdAntennaOff     rc522.o
    0x08001a00   0x08001a00   0x0000001a   Code   RO         4000    i.PcdAntennaOn      rc522.o
    0x08001a1a   0x08001a1a   0x00000070   Code   RO         4001    i.PcdAnticoll       rc522.o
    0x08001a8a   0x08001a8a   0x0000006e   Code   RO         4002    i.PcdAuthState      rc522.o
    0x08001af8   0x08001af8   0x00000132   Code   RO         4003    i.PcdComMF522       rc522.o
    0x08001c2a   0x08001c2a   0x00000054   Code   RO         4004    i.PcdRead           rc522.o
    0x08001c7e   0x08001c7e   0x00000054   Code   RO         4005    i.PcdRequest        rc522.o
    0x08001cd2   0x08001cd2   0x00000002   PAD
    0x08001cd4   0x08001cd4   0x00000078   Code   RO         4006    i.PcdReset          rc522.o
    0x08001d4c   0x08001d4c   0x00000072   Code   RO         4007    i.PcdSelect         rc522.o
    0x08001dbe   0x08001dbe   0x00000002   Code   RO          165    i.PendSV_Handler    stm32f10x_it.o
    0x08001dc0   0x08001dc0   0x00000048   Code   RO         4008    i.Power_RF_ON       rc522.o
    0x08001e08   0x08001e08   0x00000092   Code   RO         3687    i.PrvSetupHardware  sysrun.o
    0x08001e9a   0x08001e9a   0x00000002   PAD
    0x08001e9c   0x08001e9c   0x00000020   Code   RO         2200    i.RCC_AHBPeriphClockCmd  stm32f10x_rcc.o
    0x08001ebc   0x08001ebc   0x00000020   Code   RO         2201    i.RCC_APB1PeriphClockCmd  stm32f10x_rcc.o
    0x08001edc   0x08001edc   0x00000020   Code   RO         2203    i.RCC_APB2PeriphClockCmd  stm32f10x_rcc.o
    0x08001efc   0x08001efc   0x0000004c   Code   RO         2210    i.RCC_DeInit        stm32f10x_rcc.o
    0x08001f48   0x08001f48   0x000000d8   Code   RO         2211    i.RCC_GetClocksFreq  stm32f10x_rcc.o
    0x08002020   0x08002020   0x0000003c   Code   RO         2212    i.RCC_GetFlagStatus  stm32f10x_rcc.o
    0x0800205c   0x0800205c   0x00000010   Code   RO         2214    i.RCC_GetSYSCLKSource  stm32f10x_rcc.o
    0x0800206c   0x0800206c   0x00000018   Code   RO         2215    i.RCC_HCLKConfig    stm32f10x_rcc.o
    0x08002084   0x08002084   0x0000004c   Code   RO         2216    i.RCC_HSEConfig     stm32f10x_rcc.o
    0x080020d0   0x080020d0   0x00000018   Code   RO         2222    i.RCC_PCLK1Config   stm32f10x_rcc.o
    0x080020e8   0x080020e8   0x00000018   Code   RO         2223    i.RCC_PCLK2Config   stm32f10x_rcc.o
    0x08002100   0x08002100   0x0000000c   Code   RO         2224    i.RCC_PLLCmd        stm32f10x_rcc.o
    0x0800210c   0x0800210c   0x0000001c   Code   RO         2225    i.RCC_PLLConfig     stm32f10x_rcc.o
    0x08002128   0x08002128   0x00000018   Code   RO         2228    i.RCC_SYSCLKConfig  stm32f10x_rcc.o
    0x08002140   0x08002140   0x00000104   Code   RO         4009    i.ReadRawRC         rc522.o
    0x08002244   0x08002244   0x00000002   Code   RO          166    i.SVC_Handler       stm32f10x_it.o
    0x08002246   0x08002246   0x00000002   PAD
    0x08002248   0x08002248   0x0000008c   Code   RO          264    i.Second_AT_Command  user.o
    0x080022d4   0x080022d4   0x0000001c   Code   RO         4010    i.SetBitMask        rc522.o
    0x080022f0   0x080022f0   0x00000008   Code   RO         4142    i.SetSysClock       system_stm32f10x.o
    0x080022f8   0x080022f8   0x000000e0   Code   RO         4143    i.SetSysClockTo72   system_stm32f10x.o
    0x080023d8   0x080023d8   0x00000034   Code   RO         3831    i.StartUart1SendData  modbus.o
    0x0800240c   0x0800240c   0x00000034   Code   RO         3832    i.StartUart2SendData  modbus.o
    0x08002440   0x08002440   0x00000034   Code   RO         3833    i.StartUart3SendData  modbus.o
    0x08002474   0x08002474   0x0000000c   Code   RO         3688    i.SysInitRun        sysrun.o
    0x08002480   0x08002480   0x00000028   Code   RO          446    i.SysTick_CLKSourceConfig  misc.o
    0x080024a8   0x080024a8   0x00000018   Code   RO          167    i.SysTick_Handler   stm32f10x_it.o
    0x080024c0   0x080024c0   0x00000010   Code   RO         3689    i.SystemAction      sysrun.o
    0x080024d0   0x080024d0   0x00000060   Code   RO         4145    i.SystemInit        system_stm32f10x.o
    0x08002530   0x08002530   0x0000008c   Code   RO         3690    i.SystemUserInit    sysrun.o
    0x080025bc   0x080025bc   0x000001e8   Code   RO         3691    i.Time_check        sysrun.o
    0x080027a4   0x080027a4   0x00000030   Code   RO            4    i.Tohex             main.o
    0x080027d4   0x080027d4   0x000000c0   Code   RO         3959    i.UART1Init         uart.o
    0x08002894   0x08002894   0x000000b4   Code   RO         3960    i.UART2Init         uart.o
    0x08002948   0x08002948   0x000000b8   Code   RO         3961    i.UART3Init         uart.o
    0x08002a00   0x08002a00   0x000000a0   Code   RO          168    i.USART1_IRQHandler  stm32f10x_it.o
    0x08002aa0   0x08002aa0   0x000000c4   Code   RO          169    i.USART2_IRQHandler  stm32f10x_it.o
    0x08002b64   0x08002b64   0x0000009c   Code   RO          170    i.USART3_IRQHandler  stm32f10x_it.o
    0x08002c00   0x08002c00   0x00000018   Code   RO         3431    i.USART_Cmd         stm32f10x_usart.o
    0x08002c18   0x08002c18   0x0000004a   Code   RO         3437    i.USART_ITConfig    stm32f10x_usart.o
    0x08002c62   0x08002c62   0x00000002   PAD
    0x08002c64   0x08002c64   0x000000d8   Code   RO         3438    i.USART_Init        stm32f10x_usart.o
    0x08002d3c   0x08002d3c   0x00000154   Code   RO         3834    i.Uart1DataProcess  modbus.o
    0x08002e90   0x08002e90   0x00000030   Code   RO         3835    i.Uart1SendData     modbus.o
    0x08002ec0   0x08002ec0   0x00000034   Code   RO         3836    i.Uart1SendString   modbus.o
    0x08002ef4   0x08002ef4   0x00000034   Code   RO         3837    i.Uart2SendString   modbus.o
    0x08002f28   0x08002f28   0x00000030   Code   RO         3838    i.Uart3SendData     modbus.o
    0x08002f58   0x08002f58   0x00000004   Code   RO          171    i.UsageFault_Handler  stm32f10x_it.o
    0x08002f5c   0x08002f5c   0x0000054c   Code   RO          265    i.User              user.o
    0x080034a8   0x080034a8   0x00000108   Code   RO         4011    i.WriteRawRC        rc522.o
    0x080035b0   0x080035b0   0x00000040   Code   RO          266    i.__NVIC_SystemReset  user.o
    0x080035f0   0x080035f0   0x00000068   Code   RO         3779    i.json_get_number_value  json.o
    0x08003658   0x08003658   0x00000074   Code   RO         3780    i.json_get_value    json.o
    0x080036cc   0x080036cc   0x00000024   Code   RO          267    i.json_parsing      user.o
    0x080036f0   0x080036f0   0x00000184   Code   RO            5    i.main              main.o
    0x08003874   0x08003874   0x0000001c   Code   RO         4012    i.os_delay_us       rc522.o
    0x08003890   0x08003890   0x000001ac   Code   RO         4013    i.readCard          rc522.o
    0x08003a3c   0x08003a3c   0x00000020   Data   RO          269    .constdata          user.o
    0x08003a5c   0x08003a5c   0x00000010   Data   RO         3841    .constdata          modbus.o
    0x08003a6c   0x08003a6c   0x00000028   Data   RO         4203    .constdata          c_w.l(_printf_hex_int.o)
    0x08003a94   0x08003a94   0x0000015a   Data   RO          270    .conststring        user.o
    0x08003bee   0x08003bee   0x00000002   PAD
    0x08003bf0   0x08003bf0   0x00000020   Data   RO         4429    Region$$Table       anon$$obj.o


    Execution Region RW_IRAM1 (Exec base: 0x20000000, Load base: 0x08003c10, Size: 0x00001cb0, Max: 0x00005000, ABSOLUTE)

    Exec Addr    Load Addr    Size         Type   Attr      Idx    E Section Name        Object

    0x20000000   0x08003c10   0x00000025   Data   RW          271    .data               user.o
    0x20000025   0x08003c35   0x00000014   Data   RW         2231    .data               stm32f10x_rcc.o
    0x20000039   0x08003c49   0x00000007   PAD
    0x20000040   0x08003c50   0x00000038   Data   RW         3692    .data               sysrun.o
    0x20000078   0x08003c88   0x00000022   Data   RW         3842    .data               modbus.o
    0x2000009a   0x08003caa   0x00000002   PAD
    0x2000009c   0x08003cac   0x00000025   Data   RW         4015    .data               rc522.o
    0x200000c1   0x08003cd1   0x00000003   PAD
    0x200000c4        -       0x00000048   Zero   RW          268    .bss                user.o
    0x2000010c        -       0x000014f4   Zero   RW         3840    .bss                modbus.o
    0x20001600        -       0x00000050   Zero   RW         4014    .bss                rc522.o
    0x20001650        -       0x00000060   Zero   RW         4303    .bss                c_w.l(libspace.o)
    0x200016b0        -       0x00000200   Zero   RW         4133    HEAP                startup_stm32f10x_md.o
    0x200018b0        -       0x00000400   Zero   RW         4132    STACK               startup_stm32f10x_md.o


==============================================================================

Image component sizes


      Code (inc. data)   RO Data    RW Data    ZI Data      Debug   Object Name

       156         14          0          0          0        505   io.o
       220         12          0          0          0       1901   json.o
       436         46          0          0          0     240659   main.o
       192         30          0          0          0       2403   misc.o
       696        114         16         34       5364       6288   modbus.o
      2460        126          0         37         80      13641   rc522.o
        64         26        236          0       1536        804   startup_stm32f10x_md.o
       298         36          0          0          0       3741   stm32f10x_flash.o
       448          6          0          0          0       4282   stm32f10x_gpio.o
       560        106          0          0          0       4910   stm32f10x_it.o
        68         30          0          0          0       2294   stm32f10x_iwdg.o
       676        102          0         20          0       9882   stm32f10x_rcc.o
       314          6          0          0          0       3542   stm32f10x_usart.o
       292          0          0          0          0       2731   stmflash.o
       908        104          0         56          0      29672   sysrun.o
       328         28          0          0          0       1921   system_stm32f10x.o
       556         30          0          0          0       1844   uart.o
      4324       1160        378         37         72     211712   user.o

    ----------------------------------------------------------------------
     13018       1976        664        196       7052     542732   Object Totals
         0          0         32          0          0          0   (incl. Generated)
        22          0          2         12          0          0   (incl. Padding)

    ----------------------------------------------------------------------

      Code (inc. data)   RO Data    RW Data    ZI Data      Debug   Library Member Name

         8          0          0          0          0         68   __main.o
       104          0          0          0          0         84   __printf.o
         0          0          0          0          0          0   __rtentry.o
        12          0          0          0          0          0   __rtentry2.o
         6          0          0          0          0          0   __rtentry4.o
        52          8          0          0          0          0   __scatter.o
        26          0          0          0          0          0   __scatter_copy.o
        28          0          0          0          0          0   __scatter_zi.o
        44          0          0          0          0        108   _printf_char.o
        48          6          0          0          0         96   _printf_char_common.o
        88          4         40          0          0         88   _printf_hex_int.o
       178          0          0          0          0         88   _printf_intcommon.o
         0          0          0          0          0          0   _printf_percent.o
         4          0          0          0          0          0   _printf_percent_end.o
         6          0          0          0          0          0   _printf_s.o
        82          0          0          0          0         80   _printf_str.o
         6          0          0          0          0          0   _printf_x.o
        16          0          0          0          0         68   _snputc.o
        10          0          0          0          0         68   _sputc.o
        18          0          0          0          0         80   exit.o
         6          0          0          0          0        152   heapauxi.o
         0          0          0          0          0          0   indicate_semi.o
         2          0          0          0          0          0   libinit.o
         2          0          0          0          0          0   libinit2.o
         2          0          0          0          0          0   libshutdown.o
         2          0          0          0          0          0   libshutdown2.o
         8          4          0          0         96         68   libspace.o
        52          4          0          0          0         84   noretval__2snprintf.o
        40          6          0          0          0         84   noretval__2sprintf.o
        68          0          0          0          0         68   rt_memclr.o
        78          0          0          0          0         80   rt_memclr_w.o
       138          0          0          0          0         68   rt_memcpy_v6.o
       100          0          0          0          0         80   rt_memcpy_w.o
         2          0          0          0          0          0   rtexit.o
        10          0          0          0          0          0   rtexit2.o
       128          0          0          0          0         68   strcmpv7m.o
        62          0          0          0          0         76   strlen.o
        86          0          0          0          0         76   strncpy.o
        36          0          0          0          0         80   strstr.o
        12          4          0          0          0         68   sys_exit.o
        74          0          0          0          0         80   sys_stackheap_outer.o
         2          0          0          0          0         68   use_no_semi.o

    ----------------------------------------------------------------------
      1654         36         40          0         96       2028   Library Totals
         8          0          0          0          0          0   (incl. Padding)

    ----------------------------------------------------------------------

      Code (inc. data)   RO Data    RW Data    ZI Data      Debug   Library Name

      1646         36         40          0         96       2028   c_w.l

    ----------------------------------------------------------------------
      1654         36         40          0         96       2028   Library Totals

    ----------------------------------------------------------------------

==============================================================================


      Code (inc. data)   RO Data    RW Data    ZI Data      Debug   

     14672       2012        704        196       7148     538256   Grand Totals
     14672       2012        704        196       7148     538256   ELF Image Totals
     14672       2012        704        196          0          0   ROM Totals

==============================================================================

    Total RO  Size (Code + RO Data)                15376 (  15.02kB)
    Total RW  Size (RW Data + ZI Data)              7344 (   7.17kB)
    Total ROM Size (Code + RO Data + RW Data)      15572 (  15.21kB)

==============================================================================

